---
source: ordo/tests/integration_year_ordo.rs
description: "[\"feria-iii-after-sexagesima\", \"feria-of-sexagesima\"]"
expression: s.0
---
2025-02-25
Vespers of Feria III after Sexagesima:
Vespers:
  Antiphons:   Ordinary of Sexagesima (or Psalter)
  Psalms:      Psalter
  Chapter:     Ordinary of Sexagesima (or Psalter)
  Hymn:        Ordinary of Sexagesima (or Psalter)
  Verse:       Ordinary of Sexagesima (or Psalter)
  Magnificat:  Ordinary of Sexagesima (or Psalter)
  Collect:     of Sunday
