---
source: ordo/tests/integration_year_ordo.rs
description: "[\"feria-v-after-septuagesima\", \"feria-of-septuagesima\"]"
expression: s.0
---
2025-02-20
Vespers of Feria V after Septuagesima:
Vespers:
  Antiphons:   Psalter (Ordinary of Septuagesima)
  Psalms:      Psalter
  Chapter:     Psalter (Ordinary of Septuagesima)
  Hymn:        Psalter (Ordinary of Septuagesima)
  Verse:       Psalter (Ordinary of Septuagesima)
  Magnificat:  Psalter (Ordinary of Septuagesima)
  Collect:     of Sunday
