---
source: ordo/tests/integration_year_ordo.rs
description: "[\"st--john-chrysostom--bishop-and-confessor-and-doctor-of-the-church\", \"st--john-chrysostom\"]"
expression: s.0
---
2025-01-27
Vespers of St. John Chrysostom, Bishop and Confessor and Doctor of the Church:
Vespers:
  Antiphons:   Psalter (Ordinary of Time after Epiphany)
  Psalms:      Psalter
  Chapter:     Common of Confessor Bishops
  Hymn:        Common of Confessor Bishops
  Verse:       Common of Confessor Bishops
  Magnificat:  Common of Confessor Bishops
  Collect:     Proper
