---
source: ordo/tests/integration_year_ordo.rs
description: "[\"dominica-ii-after-easter-sunday\", \"dominica-of-eastertide\"]"
expression: s.0
---
2025-05-04
Second Vespers of Dominica II after Easter Sunday:
Vespers:
  Antiphons:   Proper
  Psalms:      Psalter
  Chapter:     Proper
  Hymn:        Proper
  Verse:       Proper
  Magnificat:  Proper
  Collect:     Proper
