---
source: ordo/tests/integration_year_ordo.rs
description: "[\"feria-v-week-iv-of-lent\", \"feria-of-lent\"]"
expression: s.0
---
2025-04-03
Vespers of Feria V week IV of Lent:
Vespers:
  Antiphons:   Psalter (Ordinary of Lent)
  Psalms:      Psalter
  Chapter:     Psalter (Ordinary of Lent)
  Hymn:        Psalter (Ordinary of Lent)
  Verse:       Psalter (Ordinary of Lent)
  Magnificat:  Psalter (Ordinary of Lent)
  Collect:     of Sunday
