---
source: ordo/tests/integration_year_ordo.rs
description: "[\"dominica-i-of-advent\", \"dominica-of-advent\"]"
expression: s.0
---
2024-12-01
Second Vespers of Dominica I of Advent:
Vespers:
  Antiphons:   Proper
  Psalms:      Psalter
  Chapter:     Proper
  Hymn:        Psalter (Ordinary of Advent)
  Verse:       Psalter (Ordinary of Advent)
  Magnificat:  Proper
  Collect:     Proper
