---
source: ordo/tests/integration_year_ordo.rs
description: "[\"feria-v-after-start-of-lent\", \"feria-of-lent\"]"
expression: s.0
---
2025-03-06
Vespers of Feria V after start of Lent:
Vespers:
  Antiphons:   Psalter (Ordinary of Lent)
  Psalms:      Psalter
  Chapter:     Psalter (Ordinary of Lent)
  Hymn:        Psalter (Ordinary of Lent)
  Verse:       Psalter (Ordinary of Lent)
  Magnificat:  Psalter (Ordinary of Lent)
  Collect:     of Sunday
