---
source: ordo/tests/integration_year_ordo.rs
description: "[\"ember-wednesday-in-advent\", \"feria-of-advent\"]"
expression: s.0
---
2024-12-18
Vespers of Ember Wednesday in Advent:
Vespers:
  Antiphons:   Psalter (Ordinary of Advent)
  Psalms:      Psalter
  Chapter:     Psalter (Ordinary of Advent)
  Hymn:        Psalter (Ordinary of Advent)
  Verse:       Psalter (Ordinary of Advent)
  Magnificat:  Proper
  Collect:     Proper
