---
source: ordo/tests/integration_year_ordo.rs
description: "[\"feria-vi-of-epiphany\", \"feria-of-epiphanytide\"]"
expression: s.0
---
2025-01-10
Vespers of Feria VI of Epiphany:
Vespers:
  Antiphons:   Ordinary of Epiphanytide (or Psalter)
  Psalms:      Psalter
  Chapter:     Ordinary of Epiphanytide (or Psalter)
  Hymn:        Ordinary of Epiphanytide (or Psalter)
  Verse:       Ordinary of Epiphanytide (or Psalter)
  Magnificat:  Proper
  Collect:     Proper
