---
source: ordo/tests/integration_year_ordo.rs
description: "[\"feria-vi-week-v-after-epiphany\", \"feria-of-time-after-epiphany\"]"
expression: s.0
---
2025-02-14
Vespers of Feria VI week V after Epiphany:
Vespers:
  Antiphons:   Psalter (Ordinary of Time after Epiphany)
  Psalms:      Psalter
  Chapter:     Psalter (Ordinary of Time after Epiphany)
  Hymn:        Psalter (Ordinary of Time after Epiphany)
  Verse:       Psalter (Ordinary of Time after Epiphany)
  Magnificat:  Psalter (Ordinary of Time after Epiphany)
  Collect:     of Sunday
