---
source: ordo/tests/integration_year_ordo.rs
description: "[\"dominica-v-after-epiphany\", \"dominica-of-time-after-epiphany\"]"
expression: s.0
---
2025-02-09
Second Vespers of Dominica V after Epiphany:
Vespers:
  Antiphons:   Ordinary of Time after Epiphany (or Psalter)
  Psalms:      Psalter
  Chapter:     Ordinary of Time after Epiphany (or Psalter)
  Hymn:        Ordinary of Time after Epiphany (or Psalter)
  Verse:       Ordinary of Time after Epiphany (or Psalter)
  Magnificat:  Proper
  Collect:     Proper
