---
source: ordo/tests/integration_year_ordo.rs
description: "[\"ember-wednesday-in-advent\", \"feria-of-advent\"]"
expression: s.0
---
2024-12-18
Vespers of Ember Wednesday in Advent:
Vespers:
  Antiphons:   Ordinary of Advent (or Psalter)
  Psalms:      Psalter
  Chapter:     Ordinary of Advent (or Psalter)
  Hymn:        Ordinary of Advent (or Psalter)
  Verse:       Ordinary of Advent (or Psalter)
  Magnificat:  Proper
  Collect:     Proper
