---
source: ordo/tests/integration_year_ordo.rs
description: "[\"feria-v-of-epiphany\", \"feria-of-epiphanytide\"]"
expression: s.0
---
2025-01-09
Vespers of Feria V of Epiphany:
Vespers:
  Antiphons:   Psalter (Ordinary of Epiphanytide)
  Psalms:      Psalter
  Chapter:     Psalter (Ordinary of Epiphanytide)
  Hymn:        Psalter (Ordinary of Epiphanytide)
  Verse:       Psalter (Ordinary of Epiphanytide)
  Magnificat:  Proper
  Collect:     Proper
