---
source: ordo/tests/integration_year_ordo.rs
description: "[\"feria-v-week-ii-of-advent\", \"feria-of-advent\"]"
expression: s.0
---
2024-12-12
Vespers of Feria V week II of Advent:
Vespers:
  Antiphons:   Psalter (Ordinary of Advent)
  Psalms:      Psalter
  Chapter:     Psalter (Ordinary of Advent)
  Hymn:        Psalter (Ordinary of Advent)
  Verse:       Psalter (Ordinary of Advent)
  Magnificat:  Proper
  Collect:     Proper
