---
source: ordo/tests/integration_year_ordo.rs
description: "[\"feria-v-after-septuagesima\", \"feria-of-septuagesima\"]"
expression: s.0
---
2025-02-20
Vespers of Feria V after Septuagesima:
Vespers:
  Antiphons:   Ordinary of Septuagesima (or Psalter)
  Psalms:      Psalter
  Chapter:     Ordinary of Septuagesima (or Psalter)
  Hymn:        Ordinary of Septuagesima (or Psalter)
  Verse:       Ordinary of Septuagesima (or Psalter)
  Magnificat:  Ordinary of Septuagesima (or Psalter)
  Collect:     of Sunday
