---
source: calendar_calc/tests/test_of.rs
description: "Resolving between Feast { rank: 1, flags: FeastFlags(MOVABLE) } (Some(LiturgicalUnit { desc: The Ascension of the Lord, rank: Solemnity })) and Sunday { rank: 2, flags: SundayFlags(0x0) } (LiturgicalUnit { desc: Dominica VII of Easter, rank: Sunday }) |     -> Occurrence result: FirstWins | Comparing final winner Feast { rank: 1, flags: FeastFlags(MOVABLE) } (LiturgicalUnit { desc: The Ascension of the Lord, rank: Solemnity }) to Sunday { rank: 2, flags: SundayFlags(0x0) } (LiturgicalUnit { desc: Dominica VII of Easter, rank: Sunday }) |     -> Occurrence result: FirstWins"
expression: split_line.0
---
2026-05-17|Dominica VII of Easter|Solemnity|The Ascension of the Lord|
