---
source: calendar_calc/tests/test_1954.rs
description: "Resolving between Feria { rank: Lesser, flags: FeriaFlags(0x0) } (LiturgicalUnit { desc: Feria II week II of Christmas, rank: Ordinary Feria }) and Octave { rank: Privileged3, flags: OctaveFlags(0x0) } (LiturgicalUnit { desc: Day 6 in the Octave of Christmas, rank: Day within a Privileged 3rd Class Octave }) |     -> Occurrence result: SecondNothingOfFirst | Comparing final winner Octave { rank: Privileged3, flags: OctaveFlags(0x0) } (LiturgicalUnit { desc: Day 6 in the Octave of Christmas, rank: Day within a Privileged 3rd Class Octave }) to Feria { rank: Lesser, flags: FeriaFlags(0x0) } (LiturgicalUnit { desc: Feria II week II of Christmas, rank: Ordinary Feria }) |     -> Occurrence result: FirstNothingOfSecond"
expression: split_line.0
---
2024-12-30|Feria II week II of Christmas|Day within a Privileged 3rd Class Octave|Day 6 in the Octave of Christmas|
