---
source: calendar_calc/tests/test_1954.rs
description: "Resolving between Feast { rank: Simple, flags: FeastFlags(0x0) } (LiturgicalUnit { desc: St. Pantaleon, Martyr, rank: Simple }) and Feria { rank: Lesser, flags: FeriaFlags(0x0) } (LiturgicalUnit { desc: Feria II week IX after the octave of Pentecost, rank: Ordinary Feria }) |     -> Occurrence result: FirstNothingOfSecond | Comparing final winner Feast { rank: Simple, flags: FeastFlags(0x0) } (LiturgicalUnit { desc: St. Pantaleon, Martyr, rank: Simple }) to Feria { rank: Lesser, flags: FeriaFlags(0x0) } (LiturgicalUnit { desc: Feria II week IX after the octave of Pentecost, rank: Ordinary Feria }) |     -> Occurrence result: FirstNothingOfSecond"
expression: split_line.0
---
2026-07-27|Feria II week IX after the octave of Pentecost|Simple|St. Pantaleon, Martyr|
