---
source: calendar_calc/tests/test_1954.rs
description: "Resolving between Feast { rank: Semidouble, flags: FeastFlags(0x0) } (LiturgicalUnit { desc: St. Stephen, King and Confessor, rank: Semidouble }) and Feria { rank: Lesser, flags: FeriaFlags(0x0) } (LiturgicalUnit { desc: Feria IV week XIV after the octave of Pentecost (Week 1 of September), rank: Ordinary Feria }) |     -> Occurrence result: FirstNothingOfSecond | Comparing final winner Feast { rank: Semidouble, flags: FeastFlags(0x0) } (LiturgicalUnit { desc: St. Stephen, King and Confessor, rank: Semidouble }) to Feria { rank: Lesser, flags: FeriaFlags(0x0) } (LiturgicalUnit { desc: Feria IV week XIV after the octave of Pentecost (Week 1 of September), rank: Ordinary Feria }) |     -> Occurrence result: FirstNothingOfSecond"
expression: split_line.0
---
2026-09-02|Feria IV week XIV after the octave of Pentecost (Week 1 of September)|Semidouble|St. Stephen, King and Confessor|
