---
source: calendar_calc/tests/test_of.rs
description: "Resolving between Feast { rank: 3, flags: FeastFlags(0x0) } (Some(LiturgicalUnit { desc: St. Cecilia, Virgin and Martyr, rank: Memorial })) and Feria { rank: 4, flags: FerialFlags(0x0) } (LiturgicalUnit { desc: Sabbato week XXXIII of Ordinary Time, rank: Feria }) |     -> Occurrence result: FirstWins | Comparing final winner Feast { rank: 3, flags: FeastFlags(0x0) } (LiturgicalUnit { desc: St. Cecilia, Virgin and Martyr, rank: Memorial }) to Feria { rank: 4, flags: FerialFlags(0x0) } (LiturgicalUnit { desc: Sabbato week XXXIII of Ordinary Time, rank: Feria }) |     -> Occurrence result: FirstWins"
expression: split_line.0
---
2025-11-22|Sabbato week XXXIII of Ordinary Time|Memorial|St. Cecilia, Virgin and Martyr|
