---
source: calendar_calc/tests/test_of.rs
description: "Resolving between Feast { rank: 1, flags: FeastFlags(OF_THE_LORD | MOVABLE) } (Some(LiturgicalUnit { desc: The Most Holy Body and Blood of Christ, rank: Solemnity })) and Feria { rank: 4, flags: FerialFlags(0x0) } (LiturgicalUnit { desc: Feria V week XI of Ordinary Time, rank: Feria }) |     -> Occurrence result: FirstWins | Comparing final winner Feast { rank: 1, flags: FeastFlags(OF_THE_LORD | MOVABLE) } (LiturgicalUnit { desc: The Most Holy Body and Blood of Christ, rank: Solemnity }) to Feria { rank: 4, flags: FerialFlags(0x0) } (LiturgicalUnit { desc: Feria V week XI of Ordinary Time, rank: Feria }) |     -> Occurrence result: FirstWins"
expression: split_line.0
---
2025-06-19|Feria V week XI of Ordinary Time|Solemnity|The Most Holy Body and Blood of Christ|
