---
source: calendar_calc/tests/test_1962.rs
description: "Resolving between Feast { rank: 2, flags: FeastFlags(0x0) } (LiturgicalUnit { desc: Seven Sorrows of the Blessed Virgin Mary (Our Lady of Sorrows), rank: II }) and Feria { rank: 4, flags: FeriaFlags(0x0) } (LiturgicalUnit { desc: Feria III week XVI after the octave of Pentecost (Week 2 of September), rank: III }) |     -> Occurrence result: FirstNothingOfSecond | Comparing final winner Feast { rank: 2, flags: FeastFlags(0x0) } (LiturgicalUnit { desc: Seven Sorrows of the Blessed Virgin Mary (Our Lady of Sorrows), rank: II }) to Feria { rank: 4, flags: FeriaFlags(0x0) } (LiturgicalUnit { desc: Feria III week XVI after the octave of Pentecost (Week 2 of September), rank: III }) |     -> Occurrence result: FirstNothingOfSecond"
expression: split_line.0
---
2026-09-15|Feria III week XVI after the octave of Pentecost (Week 2 of September)|II|Seven Sorrows of the Blessed Virgin Mary (Our Lady of Sorrows)|St. Nicomedes, Martyr
