---
source: calendar_calc/tests/test_1954.rs
description: "Resolving between Feast { rank: Double, flags: FeastFlags(0x0) } (LiturgicalUnit { desc: St. Thérèse of the Child Jesus, Virgin and Doctor of the Church, rank: Double }) and Feria { rank: Lesser, flags: FeriaFlags(0x0) } (LiturgicalUnit { desc: Sabbato week XVIII after the octave of Pentecost (Week 5 of September), rank: Ordinary Feria }) |     -> Occurrence result: FirstNothingOfSecond | Comparing final winner Feast { rank: Double, flags: FeastFlags(0x0) } (LiturgicalUnit { desc: St. Thérèse of the Child Jesus, Virgin and Doctor of the Church, rank: Double }) to Feria { rank: Lesser, flags: FeriaFlags(0x0) } (LiturgicalUnit { desc: Sabbato week XVIII after the octave of Pentecost (Week 5 of September), rank: Ordinary Feria }) |     -> Occurrence result: FirstNothingOfSecond"
expression: split_line.0
---
2026-10-03|Sabbato week XVIII after the octave of Pentecost (Week 5 of September)|Double|St. Thérèse of the Child Jesus, Virgin and Doctor of the Church|
