---
source: calendar_calc/tests/test_1962.rs
description: "Resolving between Feast { rank: 3, flags: FeastFlags(0x0) } (LiturgicalUnit { desc: St. Andrew Avellino, Confessor, rank: III }) and Feria { rank: 4, flags: FeriaFlags(0x0) } (LiturgicalUnit { desc: Feria II week XXII after the octave of Pentecost (Week 2 of November), rank: III }) |     -> Occurrence result: FirstNothingOfSecond | Comparing final winner Feast { rank: 3, flags: FeastFlags(0x0) } (LiturgicalUnit { desc: St. Andrew Avellino, Confessor, rank: III }) to Feria { rank: 4, flags: FeriaFlags(0x0) } (LiturgicalUnit { desc: Feria II week XXII after the octave of Pentecost (Week 2 of November), rank: III }) |     -> Occurrence result: FirstNothingOfSecond"
expression: split_line.0
---
2025-11-10|Feria II week XXII after the octave of Pentecost (Week 2 of November)|III|St. Andrew Avellino, Confessor|Ss. Tryphon, Respicius, and Nympha, Martyrs
