---
source: tests/test_1954.rs
description: "Resolving between Feria { rank: 3, flags: FeriaFlags(0x0) } (LiturgicalUnit { desc: \"Feria VI week III after the octave of Pentecost\", rank: \"Ordinary Feria\" }) and Octave { rank: Common, flags: OctaveFlags(0x0) } (LiturgicalUnit { desc: \"Day 6 in the Octave of Ss. Peter and Paul\", rank: \"Day within a Common Octave\" }) |     -> Occurrence result: SecondNothingOfFirst | Resolving between Octave { rank: Common, flags: OctaveFlags(0x0) } (LiturgicalUnit { desc: \"Day 6 in the Octave of Ss. Peter and Paul\", rank: \"Day within a Common Octave\" }) and Octave { rank: Privileged3, flags: OctaveFlags(OCTAVE_DAY) } (LiturgicalUnit { desc: \"Octave Day of Sacred Heart of Jesus\", rank: \"Octave Day of a Privileged 3rd Class Octave\" }) |     -> Occurrence result: SecondCommemorationOfFirst"
expression: split_line.0
---
2025-07-04|Feria VI week III after the octave of Pentecost|Octave Day of a Privileged 3rd Class Octave|Octave Day of Sacred Heart of Jesus|Day 6 in the Octave of Ss. Peter and Paul
