---
source: calendar_calc/tests/test_1954.rs
description: "Resolving between Feast { rank: Semidouble, flags: FeastFlags(0x0) } (LiturgicalUnit { desc: St. Francis Borgia, Confessor, rank: Semidouble }) and Feria { rank: Lesser, flags: FeriaFlags(0x0) } (LiturgicalUnit { desc: Sabbato week XIX after the octave of Pentecost (Week 1 of October), rank: Ordinary Feria }) |     -> Occurrence result: FirstNothingOfSecond | Comparing final winner Feast { rank: Semidouble, flags: FeastFlags(0x0) } (LiturgicalUnit { desc: St. Francis Borgia, Confessor, rank: Semidouble }) to Feria { rank: Lesser, flags: FeriaFlags(0x0) } (LiturgicalUnit { desc: Sabbato week XIX after the octave of Pentecost (Week 1 of October), rank: Ordinary Feria }) |     -> Occurrence result: FirstNothingOfSecond"
expression: split_line.0
---
2026-10-10|Sabbato week XIX after the octave of Pentecost (Week 1 of October)|Semidouble|St. Francis Borgia, Confessor|
