---
source: calendar_calc/tests/test_1962.rs
description: "Resolving between Feast { rank: 2, flags: FeastFlags(0x0) } (LiturgicalUnit { desc: St. Luke, Evangelist, rank: II }) and Feria { rank: 4, flags: FeriaFlags(0x0) } (LiturgicalUnit { desc: Sabbato week XVIII after the octave of Pentecost (Week 2 of October), rank: III }) |     -> Occurrence result: FirstNothingOfSecond | Comparing final winner Feast { rank: 2, flags: FeastFlags(0x0) } (LiturgicalUnit { desc: St. Luke, Evangelist, rank: II }) to Feria { rank: 4, flags: FeriaFlags(0x0) } (LiturgicalUnit { desc: Sabbato week XVIII after the octave of Pentecost (Week 2 of October), rank: III }) |     -> Occurrence result: FirstNothingOfSecond"
expression: split_line.0
---
2025-10-18|Sabbato week XVIII after the octave of Pentecost (Week 2 of October)|II|St. Luke, Evangelist|
