---
source: calendar_calc/tests/test_1954.rs
description: "Resolving between Feast { rank: Double, flags: FeastFlags(0x0) } (LiturgicalUnit { desc: St. Francis of Paula, Confessor, rank: Double }) and Feria { rank: GreaterPrivilaged, flags: FeriaFlags(HOLY_TRIDUUM) } (LiturgicalUnit { desc: Holy Thursday, rank: Greater Privileged Feria }) |     -> Occurrence result: SecondNothingOfFirst | Comparing final winner Feria { rank: GreaterPrivilaged, flags: FeriaFlags(HOLY_TRIDUUM) } (LiturgicalUnit { desc: Holy Thursday, rank: Greater Privileged Feria }) to Feast { rank: Double, flags: FeastFlags(0x0) } (LiturgicalUnit { desc: St. Francis of Paula, Confessor, rank: Double }) |     -> Occurrence result: FirstNothingOfSecond"
expression: split_line.0
---
2026-04-02|Feria V of Holy Week|Greater Privileged Feria|Holy Thursday|
