---
source: calendar_calc/tests/test_of.rs
description: "Resolving between Feast { rank: 1, flags: FeastFlags(OF_THE_LORD) } (Some(LiturgicalUnit { desc: The Annunciation of the Lord, rank: Solemnity })) and Feria { rank: 3, flags: FerialFlags(LENT) } (LiturgicalUnit { desc: Feria III week III of Lent, rank: Feria }) |     -> Occurrence result: FirstWins | Comparing final winner Feast { rank: 1, flags: FeastFlags(OF_THE_LORD) } (LiturgicalUnit { desc: The Annunciation of the Lord, rank: Solemnity }) to Feria { rank: 3, flags: FerialFlags(LENT) } (LiturgicalUnit { desc: Feria III week III of Lent, rank: Feria }) |     -> Occurrence result: FirstWins"
expression: split_line.0
---
2025-03-25|Feria III week III of Lent|Solemnity|The Annunciation of the Lord|
