---
source: calendar_calc/tests/test_1962.rs
description: "Resolving between Feast { rank: 2, flags: FeastFlags(0x0) } (LiturgicalUnit { desc: The Nativity of the Blessed Virgin Mary, rank: II }) and Feria { rank: 4, flags: FeriaFlags(0x0) } (LiturgicalUnit { desc: Feria III week XV after the octave of Pentecost (Week 1 of September), rank: III }) |     -> Occurrence result: FirstNothingOfSecond | Comparing final winner Feast { rank: 2, flags: FeastFlags(0x0) } (LiturgicalUnit { desc: The Nativity of the Blessed Virgin Mary, rank: II }) to Feria { rank: 4, flags: FeriaFlags(0x0) } (LiturgicalUnit { desc: Feria III week XV after the octave of Pentecost (Week 1 of September), rank: III }) |     -> Occurrence result: FirstNothingOfSecond"
expression: split_line.0
---
2026-09-08|Feria III week XV after the octave of Pentecost (Week 1 of September)|II|The Nativity of the Blessed Virgin Mary|St. Hadrian, Martyr
