---
source: calendar_calc/tests/test_1954.rs
description: "Resolving between Feast { rank: Semidouble, flags: FeastFlags(0x0) } (LiturgicalUnit { desc: St. Elizabeth, Queen and Widow, rank: Semidouble }) and Feria { rank: Lesser, flags: FeriaFlags(0x0) } (LiturgicalUnit { desc: Feria III week IV after the octave of Pentecost, rank: Ordinary Feria }) |     -> Occurrence result: FirstNothingOfSecond | Comparing final winner Feast { rank: Semidouble, flags: FeastFlags(0x0) } (LiturgicalUnit { desc: St. Elizabeth, Queen and Widow, rank: Semidouble }) to Feria { rank: Lesser, flags: FeriaFlags(0x0) } (LiturgicalUnit { desc: Feria III week IV after the octave of Pentecost, rank: Ordinary Feria }) |     -> Occurrence result: FirstNothingOfSecond"
expression: split_line.0
---
2025-07-08|Feria III week IV after the octave of Pentecost|Semidouble|St. Elizabeth, Queen and Widow|
