---
source: calendar_calc/tests/test_of.rs
description: "Resolving between Feast { rank: 2, flags: FeastFlags(OF_THE_LORD) } (Some(LiturgicalUnit { desc: The Transfiguration of the Lord, rank: Feast })) and Feria { rank: 4, flags: FerialFlags(0x0) } (LiturgicalUnit { desc: Feria V week XVIII of Ordinary Time, rank: Feria }) |     -> Occurrence result: FirstWins | Comparing final winner Feast { rank: 2, flags: FeastFlags(OF_THE_LORD) } (LiturgicalUnit { desc: The Transfiguration of the Lord, rank: Feast }) to Feria { rank: 4, flags: FerialFlags(0x0) } (LiturgicalUnit { desc: Feria V week XVIII of Ordinary Time, rank: Feria }) |     -> Occurrence result: FirstWins"
expression: split_line.0
---
2026-08-06|Feria V week XVIII of Ordinary Time|Feast|The Transfiguration of the Lord|
