---
source: calendar_calc/tests/test_1954.rs
description: "Resolving between Feast { rank: MajorDouble, flags: FeastFlags(0x0) } (LiturgicalUnit { desc: St. Francis Xavier, Confessor, rank: Major Double }) and Feria { rank: GreaterNonPrivilaged, flags: FeriaFlags(0x0) } (LiturgicalUnit { desc: Feria IV week I of Advent, rank: Greater Non-Privileged Feria }) |     -> Occurrence result: FirstCommemorationOfSecond | Comparing final winner Feast { rank: MajorDouble, flags: FeastFlags(0x0) } (LiturgicalUnit { desc: St. Francis Xavier, Confessor, rank: Major Double }) to Feria { rank: GreaterNonPrivilaged, flags: FeriaFlags(0x0) } (LiturgicalUnit { desc: Feria IV week I of Advent, rank: Greater Non-Privileged Feria }) |     -> Occurrence result: FirstCommemorationOfSecond"
expression: split_line.0
---
2025-12-03|Feria IV week I of Advent|Major Double|St. Francis Xavier, Confessor|Feria IV week I of Advent
