---
source: calendar_calc/tests/test_1962.rs
description: "Resolving between Feast { rank: 2, flags: FeastFlags(0x0) } (LiturgicalUnit { desc: St. Thomas, Apostle, rank: II }) and Feria { rank: 2, flags: FeriaFlags(0x0) } (LiturgicalUnit { desc: Ember Saturday of Advent, rank: II }) |     -> Occurrence result: FirstCommemorationOfSecondAtLauds | Comparing final winner Feast { rank: 2, flags: FeastFlags(0x0) } (LiturgicalUnit { desc: St. Thomas, Apostle, rank: II }) to Feria { rank: 2, flags: FeriaFlags(0x0) } (LiturgicalUnit { desc: Ember Saturday of Advent, rank: II }) |     -> Occurrence result: FirstCommemorationOfSecondAtLauds"
expression: split_line.0
---
2024-12-21|Sabbato week III of Advent|II|St. Thomas, Apostle|Ember Saturday of Advent
