---
source: calendar_calc/tests/test_1962.rs
description: "Resolving between Feast { rank: 3, flags: FeastFlags(0x0) } (LiturgicalUnit { desc: St. Sylvester, Abbot, rank: III }) and Feria { rank: 4, flags: FeriaFlags(0x0) } (LiturgicalUnit { desc: Feria V week XXVI after the octave of Pentecost (Week 4 of November), rank: III }) |     -> Occurrence result: FirstNothingOfSecond | Comparing final winner Feast { rank: 3, flags: FeastFlags(0x0) } (LiturgicalUnit { desc: St. Sylvester, Abbot, rank: III }) to Feria { rank: 4, flags: FeriaFlags(0x0) } (LiturgicalUnit { desc: Feria V week XXVI after the octave of Pentecost (Week 4 of November), rank: III }) |     -> Occurrence result: FirstNothingOfSecond"
expression: split_line.0
---
2026-11-26|Feria V week XXVI after the octave of Pentecost (Week 4 of November)|III|St. Sylvester, Abbot|St. Peter of Alexandria, Bishop and Martyr
