---
source: calendar_calc/tests/test_1954.rs
expression: line
---
2026-08-22|Sabbato week XII after the octave of Pentecost (Week 3 of August)|Second Class Double|Immaculate Heart of the Blessed Virgin Mary|Octave Day of Assumption of the Blessed Virgin Mary, Vigil of St. Bartholomew (transferred), Ss. Timothy, Hippolytus Bishop, and Symphorianus, Martyrs|
