---
source: calendar_calc/tests/test_1954.rs
description: "Resolving between Feast { rank: FirstClassDouble, flags: FeastFlags(0x0) } (LiturgicalUnit { desc: The Nativity of St. John the Baptist, rank: First Class Double }) and Feria { rank: Lesser, flags: FeriaFlags(0x0) } (LiturgicalUnit { desc: Feria IV week IV after the octave of Pentecost, rank: Ordinary Feria }) |     -> Occurrence result: FirstNothingOfSecond | Comparing final winner Feast { rank: FirstClassDouble, flags: FeastFlags(0x0) } (LiturgicalUnit { desc: The Nativity of St. John the Baptist, rank: First Class Double }) to Feria { rank: Lesser, flags: FeriaFlags(0x0) } (LiturgicalUnit { desc: Feria IV week IV after the octave of Pentecost, rank: Ordinary Feria }) |     -> Occurrence result: FirstNothingOfSecond"
expression: split_line.0
---
2026-06-24|Feria IV week IV after the octave of Pentecost|First Class Double|The Nativity of St. John the Baptist|
