---
source: calendar_calc/tests/test_of.rs
description: "Resolving between Feast { rank: 2, flags: FeastFlags(0x0) } (Some(LiturgicalUnit { desc: The Dedication of the Lateran Basilica, rank: Feast })) and Sunday { rank: 2, flags: SundayFlags(0x0) } (LiturgicalUnit { desc: Dominica XXXII of Ordinary Time, rank: Sunday }) |     -> Occurrence result: SecondWins | Comparing final winner Sunday { rank: 2, flags: SundayFlags(0x0) } (LiturgicalUnit { desc: Dominica XXXII of Ordinary Time, rank: Sunday }) to Feast { rank: 2, flags: FeastFlags(0x0) } (LiturgicalUnit { desc: The Dedication of the Lateran Basilica, rank: Feast }) |     -> Occurrence result: FirstWins"
expression: split_line.0
---
2025-11-09|Dominica XXXII of Ordinary Time|Sunday|Dominica XXXII of Ordinary Time|
