---
source: calendar_calc/tests/test_1962.rs
description: "Resolving between Feast { rank: 2, flags: FeastFlags(0x0) } (LiturgicalUnit { desc: Ss. Philip and James, Apostles, rank: II }) and Sunday { rank: 2 } (LiturgicalUnit { desc: Dominica III after Easter Sunday, rank: II }) |     -> Occurrence result: SecondCommemorationOfFirstAtLauds | Comparing final winner Sunday { rank: 2 } (LiturgicalUnit { desc: Dominica III after Easter Sunday, rank: II }) to Feast { rank: 2, flags: FeastFlags(0x0) } (LiturgicalUnit { desc: Ss. Philip and James, Apostles, rank: II }) |     -> Occurrence result: FirstCommemorationOfSecondAtLauds"
expression: split_line.0
---
2025-05-11|Dominica III after Easter Sunday|II|Dominica III after Easter Sunday|Ss. Philip and James, Apostles
