---
source: calendar_calc/tests/test_1954.rs
description: "Resolving between Feria { rank: Lesser, flags: FeriaFlags(0x0) } (LiturgicalUnit { desc: Sabbato week II of Christmas, rank: Ordinary Feria }) and Octave { rank: Simple, flags: OctaveFlags(OCTAVE_DAY) } (LiturgicalUnit { desc: Octave Day of St. John, rank: Simple Octave Day }) |     -> Occurrence result: SecondNothingOfFirst | Comparing final winner Octave { rank: Simple, flags: OctaveFlags(OCTAVE_DAY) } (LiturgicalUnit { desc: Octave Day of St. John, rank: Simple Octave Day }) to Feria { rank: Lesser, flags: FeriaFlags(0x0) } (LiturgicalUnit { desc: Sabbato week II of Christmas, rank: Ordinary Feria }) |     -> Occurrence result: FirstNothingOfSecond"
expression: split_line.0
---
2026-01-03|Sabbato week II of Christmas|Simple Octave Day|Octave Day of St. John|
