---
source: calendar_calc/tests/test_1962.rs
description: "Resolving between Feast { rank: 1, flags: FeastFlags(0x0) } (LiturgicalUnit { desc: The Nativity of St. John the Baptist, rank: I }) and Feria { rank: 4, flags: FeriaFlags(0x0) } (LiturgicalUnit { desc: Feria III week II after the octave of Pentecost, rank: III }) |     -> Occurrence result: FirstNothingOfSecond | Comparing final winner Feast { rank: 1, flags: FeastFlags(0x0) } (LiturgicalUnit { desc: The Nativity of St. John the Baptist, rank: I }) to Feria { rank: 4, flags: FeriaFlags(0x0) } (LiturgicalUnit { desc: Feria III week II after the octave of Pentecost, rank: III }) |     -> Occurrence result: FirstNothingOfSecond"
expression: split_line.0
---
2025-06-24|Feria III week II after the octave of Pentecost|I|The Nativity of St. John the Baptist|
