---
source: calendar_calc/tests/test_of.rs
description: "Resolving between Feast { rank: 3, flags: FeastFlags(0x0) } (Some(LiturgicalUnit { desc: Ss. Martha, Mary and Lazarus, rank: Memorial })) and Feria { rank: 4, flags: FerialFlags(0x0) } (LiturgicalUnit { desc: Feria III week XVII of Ordinary Time, rank: Feria }) |     -> Occurrence result: FirstWins | Comparing final winner Feast { rank: 3, flags: FeastFlags(0x0) } (LiturgicalUnit { desc: Ss. Martha, Mary and Lazarus, rank: Memorial }) to Feria { rank: 4, flags: FerialFlags(0x0) } (LiturgicalUnit { desc: Feria III week XVII of Ordinary Time, rank: Feria }) |     -> Occurrence result: FirstWins"
expression: split_line.0
---
2025-07-29|Feria III week XVII of Ordinary Time|Memorial|Ss. Martha, Mary and Lazarus|
