---
source: calendar_calc/tests/test_1962.rs
description: "Resolving between Sunday { rank: 1 } (LiturgicalUnit { desc: Dominica Palm Sunday, rank: I }) and Feast { rank: 3, flags: FeastFlags(0x0) } (LiturgicalUnit { desc: St. Hermenegild, Martyr, rank: III }) |     -> Occurrence result: FirstNothingOfSecond | Comparing final winner Sunday { rank: 1 } (LiturgicalUnit { desc: Dominica Palm Sunday, rank: I }) to Feast { rank: 3, flags: FeastFlags(0x0) } (LiturgicalUnit { desc: St. Hermenegild, Martyr, rank: III }) |     -> Occurrence result: FirstNothingOfSecond"
expression: split_line.0
---
2025-04-13|Dominica Palm Sunday|I|Dominica Palm Sunday|
