---
source: calendar_calc/tests/test_1954.rs
description: "Resolving between Feast { rank: SecondClassDouble, flags: FeastFlags(OF_OUR_LORD) } (LiturgicalUnit { desc: Transfiguration of our Lord Jesus Christ, rank: Second Class Double }) and Feria { rank: Lesser, flags: FeriaFlags(0x0) } (LiturgicalUnit { desc: Feria IV week VIII after the octave of Pentecost (Week 1 of August), rank: Ordinary Feria }) |     -> Occurrence result: FirstNothingOfSecond | Comparing final winner Feast { rank: SecondClassDouble, flags: FeastFlags(OF_OUR_LORD) } (LiturgicalUnit { desc: Transfiguration of our Lord Jesus Christ, rank: Second Class Double }) to Feria { rank: Lesser, flags: FeriaFlags(0x0) } (LiturgicalUnit { desc: Feria IV week VIII after the octave of Pentecost (Week 1 of August), rank: Ordinary Feria }) |     -> Occurrence result: FirstNothingOfSecond"
expression: split_line.0
---
2025-08-06|Feria IV week VIII after the octave of Pentecost (Week 1 of August)|Second Class Double|Transfiguration of our Lord Jesus Christ|St. Sixtus II, Pope, Felicissimus and Agapitus, Martyrs
