---
source: calendar_calc/tests/test_1954.rs
description: "Resolving between Feast { rank: Semidouble, flags: FeastFlags(0x0) } (LiturgicalUnit { desc: The Seven Holy Brothers Martyrs, and Ss. Rufina and Secunda, Virgins and Martyrs, rank: Semidouble }) and Feria { rank: Lesser, flags: FeriaFlags(0x0) } (LiturgicalUnit { desc: Feria V week IV after the octave of Pentecost, rank: Ordinary Feria }) |     -> Occurrence result: FirstNothingOfSecond | Comparing final winner Feast { rank: Semidouble, flags: FeastFlags(0x0) } (LiturgicalUnit { desc: The Seven Holy Brothers Martyrs, and Ss. Rufina and Secunda, Virgins and Martyrs, rank: Semidouble }) to Feria { rank: Lesser, flags: FeriaFlags(0x0) } (LiturgicalUnit { desc: Feria V week IV after the octave of Pentecost, rank: Ordinary Feria }) |     -> Occurrence result: FirstNothingOfSecond"
expression: split_line.0
---
2025-07-10|Feria V week IV after the octave of Pentecost|Semidouble|The Seven Holy Brothers Martyrs, and Ss. Rufina and Secunda, Virgins and Martyrs|
