---
source: calendar_calc/tests/test_1954.rs
description: "Resolving between Vigil { kind: Common } (LiturgicalUnit { desc: Vigil of Ss. Simon and Jude, rank: Vigil }) and Feria { rank: Lesser, flags: FeriaFlags(0x0) } (LiturgicalUnit { desc: Feria III week XXII after the octave of Pentecost (Week 4 of October), rank: Ordinary Feria }) |     -> Occurrence result: FirstNothingOfSecond | Comparing final winner Vigil { kind: Common } (LiturgicalUnit { desc: Vigil of Ss. Simon and Jude, rank: Vigil }) to Feria { rank: Lesser, flags: FeriaFlags(0x0) } (LiturgicalUnit { desc: Feria III week XXII after the octave of Pentecost (Week 4 of October), rank: Ordinary Feria }) |     -> Occurrence result: FirstNothingOfSecond"
expression: split_line.0
---
2026-10-27|Feria III week XXII after the octave of Pentecost (Week 4 of October)|Vigil|Vigil of Ss. Simon and Jude|
