---
source: tests/test_1954.rs
description: "Resolving between Feria { rank: 3, flags: FeriaFlags(0x0) } (LiturgicalUnit { desc: \"Feria IV week XXI after the octave of Pentecost (Week 1 of November)\", rank: \"Ordinary Feria\" }) and Octave { rank: Common, flags: OctaveFlags(0x0) } (LiturgicalUnit { desc: \"Day 5 in the Octave of All Saints\", rank: \"Day within a Common Octave\" }) |     -> Occurrence result: SecondNothingOfFirst"
expression: split_line.0
---
2025-11-05|Feria IV week XXI after the octave of Pentecost (Week 1 of November)|Day within a Common Octave|Day 5 in the Octave of All Saints|
