---
source: tests/test_1954.rs
description: "Resolving between Feast { rank: MajorDouble, flags: FeastFlags(0x0) } (LiturgicalUnit { desc: \"St. Peter in Chains\", rank: \"Major Double\" }) and Feria { rank: 3, flags: FeriaFlags(0x0) } (LiturgicalUnit { desc: \"Feria VI week VII after the octave of Pentecost\", rank: \"Ordinary Feria\" }) |     -> Occurrence result: FirstNothingOfSecond"
expression: split_line.0
---
2025-08-01|Feria VI week VII after the octave of Pentecost|Major Double|St. Peter in Chains|Maccabees, Martyrs
