---
source: calendar_calc/tests/test_1954.rs
description: "Resolving between Feast { rank: Semidouble, flags: FeastFlags(0x0) } (LiturgicalUnit { desc: St. Martha, Virgin, rank: Semidouble }) and Feria { rank: Lesser, flags: FeriaFlags(0x0) } (LiturgicalUnit { desc: Feria IV week IX after the octave of Pentecost, rank: Ordinary Feria }) |     -> Occurrence result: FirstNothingOfSecond | Comparing final winner Feast { rank: Semidouble, flags: FeastFlags(0x0) } (LiturgicalUnit { desc: St. Martha, Virgin, rank: Semidouble }) to Feria { rank: Lesser, flags: FeriaFlags(0x0) } (LiturgicalUnit { desc: Feria IV week IX after the octave of Pentecost, rank: Ordinary Feria }) |     -> Occurrence result: FirstNothingOfSecond"
expression: split_line.0
---
2026-07-29|Feria IV week IX after the octave of Pentecost|Semidouble|St. Martha, Virgin|Ss. Felicis, Simplicii, Faustini, and Beatrix, Martyrs
