---
source: calendar_calc/tests/test_1954.rs
description: "Resolving between Feria { rank: Lesser, flags: FeriaFlags(0x0) } (LiturgicalUnit { desc: Feria II week X after the octave of Pentecost (Week 3 of August), rank: Ordinary Feria }) and Octave { rank: Common, flags: OctaveFlags(0x0) } (LiturgicalUnit { desc: Day 4 in the Octave of Assumption of the Blessed Virgin Mary, rank: Day within a Common Octave }) |     -> Occurrence result: SecondNothingOfFirst | Comparing final winner Octave { rank: Common, flags: OctaveFlags(0x0) } (LiturgicalUnit { desc: Day 4 in the Octave of Assumption of the Blessed Virgin Mary, rank: Day within a Common Octave }) to Feria { rank: Lesser, flags: FeriaFlags(0x0) } (LiturgicalUnit { desc: Feria II week X after the octave of Pentecost (Week 3 of August), rank: Ordinary Feria }) |     -> Occurrence result: FirstNothingOfSecond"
expression: split_line.0
---
2025-08-18|Feria II week X after the octave of Pentecost (Week 3 of August)|Day within a Common Octave|Day 4 in the Octave of Assumption of the Blessed Virgin Mary|St. Agapitus, Martyr
