---
source: calendar_calc/tests/test_1954.rs
description: "Resolving between Feast { rank: Double, flags: FeastFlags(0x0) } (LiturgicalUnit { desc: St. Rose of St. Mary of Lima, Virgin, rank: Double }) and Feria { rank: Lesser, flags: FeriaFlags(0x0) } (LiturgicalUnit { desc: Sabbato week XI after the octave of Pentecost (Week 4 of August), rank: Ordinary Feria }) |     -> Occurrence result: FirstNothingOfSecond | Comparing final winner Feast { rank: Double, flags: FeastFlags(0x0) } (LiturgicalUnit { desc: St. Rose of St. Mary of Lima, Virgin, rank: Double }) to Feria { rank: Lesser, flags: FeriaFlags(0x0) } (LiturgicalUnit { desc: Sabbato week XI after the octave of Pentecost (Week 4 of August), rank: Ordinary Feria }) |     -> Occurrence result: FirstNothingOfSecond"
expression: split_line.0
---
2025-08-30|Sabbato week XI after the octave of Pentecost (Week 4 of August)|Double|St. Rose of St. Mary of Lima, Virgin|Ss. Felix and Adauctus, Martyrs
