---
source: calendar_calc/tests/test_1954.rs
description: "Resolving between Feast { rank: Double, flags: FeastFlags(0x0) } (LiturgicalUnit { desc: Ss. Perpetua and Felicity, Martyrs, rank: Double }) and Feria { rank: GreaterNonPrivilaged, flags: FeriaFlags(0x0) } (LiturgicalUnit { desc: Feria V after start of Lent, rank: Greater Non-Privileged Feria }) |     -> Occurrence result: FirstCommemorationOfSecond | Comparing final winner Feast { rank: Double, flags: FeastFlags(0x0) } (LiturgicalUnit { desc: Ss. Perpetua and Felicity, Martyrs, rank: Double }) to Feria { rank: GreaterNonPrivilaged, flags: FeriaFlags(0x0) } (LiturgicalUnit { desc: Feria V after start of Lent, rank: Greater Non-Privileged Feria }) |     -> Occurrence result: FirstCommemorationOfSecond"
expression: split_line.0
---
2025-03-06|Feria V after start of Lent|Double|Ss. Perpetua and Felicity, Martyrs|Feria V after start of Lent
