---
source: calendar_calc/tests/test_1954.rs
description: "Resolving between Feast { rank: Double, flags: FeastFlags(0x0) } (LiturgicalUnit { desc: St. Bridget, Widow, rank: Double }) and Feria { rank: Lesser, flags: FeriaFlags(0x0) } (LiturgicalUnit { desc: Feria IV week XVII after the octave of Pentecost (Week 2 of October), rank: Ordinary Feria }) |     -> Occurrence result: FirstNothingOfSecond | Comparing final winner Feast { rank: Double, flags: FeastFlags(0x0) } (LiturgicalUnit { desc: St. Bridget, Widow, rank: Double }) to Feria { rank: Lesser, flags: FeriaFlags(0x0) } (LiturgicalUnit { desc: Feria IV week XVII after the octave of Pentecost (Week 2 of October), rank: Ordinary Feria }) |     -> Occurrence result: FirstNothingOfSecond"
expression: split_line.0
---
2025-10-08|Feria IV week XVII after the octave of Pentecost (Week 2 of October)|Double|St. Bridget, Widow|
