---
source: calendar_calc/tests/test_1954.rs
description: "Resolving between Feast { rank: FirstClassDouble, flags: FeastFlags(0x0) } (LiturgicalUnit { desc: All Saints, rank: First Class Double }) and Sunday { rank: Lesser, flags: SundayFlags(0x0) } (LiturgicalUnit { desc: Dominica XXIII after Pentecost (Week 1 of November), rank: Lesser Sunday }) |     -> Occurrence result: FirstCommemorationOfSecond | Comparing final winner Feast { rank: FirstClassDouble, flags: FeastFlags(0x0) } (LiturgicalUnit { desc: All Saints, rank: First Class Double }) to Sunday { rank: Lesser, flags: SundayFlags(0x0) } (LiturgicalUnit { desc: Dominica XXIII after Pentecost (Week 1 of November), rank: Lesser Sunday }) |     -> Occurrence result: FirstCommemorationOfSecond"
expression: split_line.0
---
2026-11-01|Dominica XXIII after Pentecost (Week 1 of November)|First Class Double|All Saints|Dominica XXIII after Pentecost (Week 1 of November)
