---
source: calendar_calc/tests/test_1954.rs
description: "Resolving between Feast { rank: Simple, flags: FeastFlags(0x0) } (LiturgicalUnit { desc: Ss. Tiburtius and Susanna, Virgin and Martyrs, rank: Simple }) and Feria { rank: Lesser, flags: FeriaFlags(0x0) } (LiturgicalUnit { desc: Feria II week IX after the octave of Pentecost (Week 2 of August), rank: Ordinary Feria }) |     -> Occurrence result: FirstNothingOfSecond | Comparing final winner Feast { rank: Simple, flags: FeastFlags(0x0) } (LiturgicalUnit { desc: Ss. Tiburtius and Susanna, Virgin and Martyrs, rank: Simple }) to Feria { rank: Lesser, flags: FeriaFlags(0x0) } (LiturgicalUnit { desc: Feria II week IX after the octave of Pentecost (Week 2 of August), rank: Ordinary Feria }) |     -> Occurrence result: FirstNothingOfSecond"
expression: split_line.0
---
2025-08-11|Feria II week IX after the octave of Pentecost (Week 2 of August)|Simple|Ss. Tiburtius and Susanna, Virgin and Martyrs|
