---
source: calendar_calc/tests/test_1954.rs
description: "Resolving between Feast { rank: Double, flags: FeastFlags(0x0) } (LiturgicalUnit { desc: St. Patrick, Bishop and Confessor, rank: Double }) and Feria { rank: GreaterNonPrivilaged, flags: FeriaFlags(0x0) } (LiturgicalUnit { desc: Feria III week IV of Lent, rank: Greater Non-Privileged Feria }) |     -> Occurrence result: FirstCommemorationOfSecond | Comparing final winner Feast { rank: Double, flags: FeastFlags(0x0) } (LiturgicalUnit { desc: St. Patrick, Bishop and Confessor, rank: Double }) to Feria { rank: GreaterNonPrivilaged, flags: FeriaFlags(0x0) } (LiturgicalUnit { desc: Feria III week IV of Lent, rank: Greater Non-Privileged Feria }) |     -> Occurrence result: FirstCommemorationOfSecond"
expression: split_line.0
---
2026-03-17|Feria III week IV of Lent|Double|St. Patrick, Bishop and Confessor|Feria III week IV of Lent
