---
source: calendar_calc/tests/test_1962.rs
expression: line
---
2025-03-18|Feria III week II of Lent|III|Feria III week II of Lent|St. Cyril, Bishop of Jerusalem and Confessor and Doctor of the Church|Vespers of Following, Commemorate Own Vespers: St. Joseph, Spouse of the Blessed Virgin Mary and Confessor and Patron of the Universal Church
