---
source: calendar_calc/tests/test_of.rs
description: "Resolving between Feast { rank: 3, flags: FeastFlags(0x0) } (Some(LiturgicalUnit { desc: St. Irenaeus, Bishop and Martyr and Doctor of the Church, rank: Memorial })) and Sunday { rank: 2, flags: SundayFlags(0x0) } (LiturgicalUnit { desc: Dominica XIII of Ordinary Time, rank: Sunday }) |     -> Occurrence result: SecondWins | Comparing final winner Sunday { rank: 2, flags: SundayFlags(0x0) } (LiturgicalUnit { desc: Dominica XIII of Ordinary Time, rank: Sunday }) to Feast { rank: 3, flags: FeastFlags(0x0) } (LiturgicalUnit { desc: St. Irenaeus, Bishop and Martyr and Doctor of the Church, rank: Memorial }) |     -> Occurrence result: FirstWins"
expression: split_line.0
---
2026-06-28|Dominica XIII of Ordinary Time|Sunday|Dominica XIII of Ordinary Time|
