---
source: calendar_calc/tests/test_1954.rs
description: "Resolving between Feast { rank: FirstClassDouble, flags: FeastFlags(0x0) } (LiturgicalUnit { desc: The Immaculate Conception of the Blessed Virgin Mary, rank: First Class Double }) and Sunday { rank: Second } (LiturgicalUnit { desc: Dominica II of Advent, rank: Greater Sunday of the Second Class }) |     -> Occurrence result: FirstNothingOfSecond | Comparing final winner Feast { rank: FirstClassDouble, flags: FeastFlags(0x0) } (LiturgicalUnit { desc: The Immaculate Conception of the Blessed Virgin Mary, rank: First Class Double }) to Sunday { rank: Second } (LiturgicalUnit { desc: Dominica II of Advent, rank: Greater Sunday of the Second Class }) |     -> Occurrence result: FirstNothingOfSecond"
expression: split_line.0
---
2024-12-08|Dominica II of Advent|First Class Double|The Immaculate Conception of the Blessed Virgin Mary|
