---
source: tests/test_1954.rs
description: "Resolving between Feast { rank: Double, flags: FeastFlags(0x0) } (LiturgicalUnit { desc: \"St. Jerome Priest, Confessor, and, Doctor of the Church\", rank: \"Double\" }) and Feria { rank: 3, flags: FeriaFlags(0x0) } (LiturgicalUnit { desc: \"Feria III week XVI after the octave of Pentecost (Week 1 of October)\", rank: \"Ordinary Feria\" }) |     -> Occurrence result: FirstNothingOfSecond"
expression: split_line.0
---
2025-09-30|Feria III week XVI after the octave of Pentecost (Week 1 of October)|Double|St. Jerome Priest, Confessor, and, Doctor of the Church|
