---
source: calendar_calc/tests/test_of.rs
description: "Resolving between Feria { rank: 4, flags: FerialFlags(0x0) } (Some(LiturgicalUnit { desc: Feria III week II of Christmas, rank: Feria })) and Feria { rank: 2, flags: FerialFlags(0x0) } (LiturgicalUnit { desc: Day 6 in the Octave of Christmas, rank: Feria }) |     -> Occurrence result: SecondWins | Comparing final winner Feria { rank: 2, flags: FerialFlags(0x0) } (LiturgicalUnit { desc: Day 6 in the Octave of Christmas, rank: Feria }) to Feria { rank: 4, flags: FerialFlags(0x0) } (LiturgicalUnit { desc: Feria III week II of Christmas, rank: Feria }) |     -> Occurrence result: FirstWins"
expression: split_line.0
---
2025-12-30|Feria III week II of Christmas|Feria|Day 6 in the Octave of Christmas|
