---
source: calendar_calc/tests/test_1962.rs
description: "Resolving between Feast { rank: 2, flags: FeastFlags(0x0) } (LiturgicalUnit { desc: The Dedication of the Archbasilica of the most Holy Saviour, rank: II }) and Feria { rank: 4, flags: FeriaFlags(0x0) } (LiturgicalUnit { desc: Feria II week XXIV after the octave of Pentecost (Week 2 of November), rank: III }) |     -> Occurrence result: FirstNothingOfSecond | Comparing final winner Feast { rank: 2, flags: FeastFlags(0x0) } (LiturgicalUnit { desc: The Dedication of the Archbasilica of the most Holy Saviour, rank: II }) to Feria { rank: 4, flags: FeriaFlags(0x0) } (LiturgicalUnit { desc: Feria II week XXIV after the octave of Pentecost (Week 2 of November), rank: III }) |     -> Occurrence result: FirstNothingOfSecond"
expression: split_line.0
---
2026-11-09|Feria II week XXIV after the octave of Pentecost (Week 2 of November)|II|The Dedication of the Archbasilica of the most Holy Saviour|St. Theodore, Martyr
