---
source: calendar_calc/tests/test_1954.rs
description: "Resolving between Feast { rank: Double, flags: FeastFlags(0x0) } (LiturgicalUnit { desc: St. John of God, Confessor, rank: Double }) and Sunday { rank: First } (LiturgicalUnit { desc: Dominica III of Lent, rank: Greater Sunday of the First Class }) |     -> Occurrence result: SecondCommemorationOfFirst | Comparing final winner Sunday { rank: First } (LiturgicalUnit { desc: Dominica III of Lent, rank: Greater Sunday of the First Class }) to Feast { rank: Double, flags: FeastFlags(0x0) } (LiturgicalUnit { desc: St. John of God, Confessor, rank: Double }) |     -> Occurrence result: FirstCommemorationOfSecond"
expression: split_line.0
---
2026-03-08|Dominica III of Lent|Greater Sunday of the First Class|Dominica III of Lent|St. John of God, Confessor
