---
source: calendar_calc/tests/test_1954.rs
description: "Resolving between Feria { rank: Lesser, flags: FeriaFlags(0x0) } (LiturgicalUnit { desc: \"Sabbato week XXI after the octave of Pentecost (Week 1 of November)\", rank: \"Ordinary Feria\" }) and Octave { rank: Common, flags: OctaveFlags(OCTAVE_DAY) } (LiturgicalUnit { desc: \"Octave Day of All Saints\", rank: \"Major Double (Octave Day)\" }) |     -> Occurrence result: SecondNothingOfFirst | Comparing final winner Octave { rank: Common, flags: OctaveFlags(OCTAVE_DAY) } (LiturgicalUnit { desc: \"Octave Day of All Saints\", rank: \"Major Double (Octave Day)\" }) to Feria { rank: Lesser, flags: FeriaFlags(0x0) } (LiturgicalUnit { desc: \"Sabbato week XXI after the octave of Pentecost (Week 1 of November)\", rank: \"Ordinary Feria\" }) |     -> Occurrence result: FirstNothingOfSecond"
expression: split_line.0
---
2025-11-08|Sabbato week XXI after the octave of Pentecost (Week 1 of November)|Major Double (Octave Day)|Octave Day of All Saints|Holy Four Crowned Martyrs, Martyrs
