---
source: calendar_calc/tests/test_1962.rs
description: "Resolving between Sunday { rank: 1 } (LiturgicalUnit { desc: Trinity Sunday, rank: I }) and Octave { rank: 1 } (LiturgicalUnit { desc: Octave Day of Pentecost, rank: I }) |     -> Occurrence result: FirstNothingOfSecond | Comparing final winner Sunday { rank: 1 } (LiturgicalUnit { desc: Trinity Sunday, rank: I }) to Octave { rank: 1 } (LiturgicalUnit { desc: Octave Day of Pentecost, rank: I }) |     -> Occurrence result: FirstNothingOfSecond"
expression: split_line.0
---
2025-06-15|Dominica I after Pentecost|I|Trinity Sunday|
