---
source: calendar_calc/tests/test_of.rs
description: "Resolving between Feast { rank: 1, flags: FeastFlags(0x0) } (Some(LiturgicalUnit { desc: The Immaculate Conception of the Blessed Virgin Mary, rank: Solemnity })) and Feria { rank: 3, flags: FerialFlags(0x0) } (LiturgicalUnit { desc: Feria II week II of Advent, rank: Feria }) |     -> Occurrence result: FirstWins | Comparing final winner Feast { rank: 1, flags: FeastFlags(0x0) } (LiturgicalUnit { desc: The Immaculate Conception of the Blessed Virgin Mary, rank: Solemnity }) to Feria { rank: 3, flags: FerialFlags(0x0) } (LiturgicalUnit { desc: Feria II week II of Advent, rank: Feria }) |     -> Occurrence result: FirstWins"
expression: split_line.0
---
2025-12-08|Feria II week II of Advent|Solemnity|The Immaculate Conception of the Blessed Virgin Mary|
