---
source: calendar_calc/tests/test_1954.rs
description: "Resolving between Feast { rank: Double, flags: FeastFlags(0x0) } (LiturgicalUnit { desc: St. Gertrude, Virgin, rank: Double }) and Sunday { rank: Lesser } (LiturgicalUnit { desc: Dominica XXIII after Pentecost (Week 3 of November), rank: Lesser Sunday }) |     -> Occurrence result: SecondCommemorationOfFirst | Comparing final winner Sunday { rank: Lesser } (LiturgicalUnit { desc: Dominica XXIII after Pentecost (Week 3 of November), rank: Lesser Sunday }) to Feast { rank: Double, flags: FeastFlags(0x0) } (LiturgicalUnit { desc: St. Gertrude, Virgin, rank: Double }) |     -> Occurrence result: FirstCommemorationOfSecond"
expression: split_line.0
---
2025-11-16|Dominica XXIII after Pentecost (Week 3 of November)|Lesser Sunday|Dominica XXIII after Pentecost (Week 3 of November)|St. Gertrude, Virgin
