---
source: calendar_calc/tests/test_1962.rs
description: "Resolving between Sunday { rank: 2 } (LiturgicalUnit { desc: Dominica XXIV after Pentecost (Week 4 of November), rank: II }) and Feast { rank: 3, flags: FeastFlags(0x0) } (LiturgicalUnit { desc: St. Clement I, Pope and Martyr, rank: III }) |     -> Occurrence result: FirstNothingOfSecond | Comparing final winner Sunday { rank: 2 } (LiturgicalUnit { desc: Dominica XXIV after Pentecost (Week 4 of November), rank: II }) to Feast { rank: 3, flags: FeastFlags(0x0) } (LiturgicalUnit { desc: St. Clement I, Pope and Martyr, rank: III }) |     -> Occurrence result: FirstNothingOfSecond"
expression: split_line.0
---
2025-11-23|Dominica XXIV after Pentecost (Week 4 of November)|II|Dominica XXIV after Pentecost (Week 4 of November)|
