---
source: calendar_calc/tests/test_1954.rs
expression: line
---
2025-10-07|Feria III week XVII after the octave of Pentecost (Week 2 of October)|Second Class Double|The most Holy Rosary of the Blessed Virgin Mary|St. Mark, Pope and Confessor, Ss. Sergius, Bacchus, Marcellus and Apuleius, Martyrs|
