---
source: calendar_calc/tests/test_of.rs
description: "Resolving between Feast { rank: 2, flags: FeastFlags(OF_THE_LORD) } (Some(LiturgicalUnit { desc: The Exaltation of the Holy Cross, rank: Feast })) and Feria { rank: 4, flags: FerialFlags(0x0) } (LiturgicalUnit { desc: Feria II week XXIV of Ordinary Time, rank: Feria }) |     -> Occurrence result: FirstWins | Comparing final winner Feast { rank: 2, flags: FeastFlags(OF_THE_LORD) } (LiturgicalUnit { desc: The Exaltation of the Holy Cross, rank: Feast }) to Feria { rank: 4, flags: FerialFlags(0x0) } (LiturgicalUnit { desc: Feria II week XXIV of Ordinary Time, rank: Feria }) |     -> Occurrence result: FirstWins"
expression: split_line.0
---
2026-09-14|Feria II week XXIV of Ordinary Time|Feast|The Exaltation of the Holy Cross|
