---
source: calendar_calc/tests/test_of.rs
description: "Resolving between Feast { rank: 3, flags: FeastFlags(0x0) } (Some(LiturgicalUnit { desc: St. Benedict, Abbot, rank: Memorial })) and Feria { rank: 4, flags: FerialFlags(0x0) } (LiturgicalUnit { desc: Sabbato week XIV of Ordinary Time, rank: Feria }) |     -> Occurrence result: FirstWins | Comparing final winner Feast { rank: 3, flags: FeastFlags(0x0) } (LiturgicalUnit { desc: St. Benedict, Abbot, rank: Memorial }) to Feria { rank: 4, flags: FerialFlags(0x0) } (LiturgicalUnit { desc: Sabbato week XIV of Ordinary Time, rank: Feria }) |     -> Occurrence result: FirstWins"
expression: split_line.0
---
2026-07-11|Sabbato week XIV of Ordinary Time|Memorial|St. Benedict, Abbot|
