---
source: calendar_calc/tests/test_1954.rs
description: "Resolving between Feria { rank: Lesser, flags: FeriaFlags(0x0) } (LiturgicalUnit { desc: Feria II week II after the octave of Pentecost, rank: Ordinary Feria }) and Octave { rank: Privileged2, flags: OctaveFlags(0x0) } (LiturgicalUnit { desc: Day 5 in the Octave of Corpus Christi, rank: Day within a Privileged 2nd Class Octave }) |     -> Occurrence result: SecondNothingOfFirst | Comparing final winner Octave { rank: Privileged2, flags: OctaveFlags(0x0) } (LiturgicalUnit { desc: Day 5 in the Octave of Corpus Christi, rank: Day within a Privileged 2nd Class Octave }) to Feria { rank: Lesser, flags: FeriaFlags(0x0) } (LiturgicalUnit { desc: Feria II week II after the octave of Pentecost, rank: Ordinary Feria }) |     -> Occurrence result: FirstNothingOfSecond"
expression: split_line.0
---
2026-06-08|Feria II week II after the octave of Pentecost|Day within a Privileged 2nd Class Octave|Day 5 in the Octave of Corpus Christi|
