---
source: tests/test_1954.rs
description: "Resolving between Feast { rank: Semidouble, flags: FeastFlags(0x0) } (LiturgicalUnit { desc: \"St. Francis Borgia, Confessor\", rank: \"Semidouble\" }) and Feria { rank: 3, flags: FeriaFlags(0x0) } (LiturgicalUnit { desc: \"Feria VI week XVII after the octave of Pentecost (Week 2 of October)\", rank: \"Ordinary Feria\" }) |     -> Occurrence result: FirstNothingOfSecond"
expression: split_line.0
---
2025-10-10|Feria VI week XVII after the octave of Pentecost (Week 2 of October)|Semidouble|St. Francis Borgia, Confessor|
