---
source: tests/test_1954.rs
description: "Resolving between Feast { rank: Semidouble, flags: FeastFlags(0x0) } (LiturgicalUnit { desc: \"Ss. Cosmas and Damian, Martyrs\", rank: \"Semidouble\" }) and Feria { rank: 3, flags: FeriaFlags(0x0) } (LiturgicalUnit { desc: \"Sabbato week XV after the octave of Pentecost (Week 4 of September)\", rank: \"Ordinary Feria\" }) |     -> Occurrence result: FirstNothingOfSecond"
expression: split_line.0
---
2025-09-27|Sabbato week XV after the octave of Pentecost (Week 4 of September)|Semidouble|Ss. Cosmas and Damian, Martyrs|
