---
source: calendar_calc/tests/test_of.rs
description: "Resolving between Feast { rank: 3, flags: FeastFlags(0x0) } (Some(LiturgicalUnit { desc: Ss. Perpetua and Felicity, Martyrs, rank: Memorial })) and Feria { rank: 3, flags: FerialFlags(LENT) } (LiturgicalUnit { desc: Sabbato week II of Lent, rank: Feria }) |     -> Occurrence result: SecondWinsFirstCommemoration | Comparing final winner Feria { rank: 3, flags: FerialFlags(LENT) } (LiturgicalUnit { desc: Sabbato week II of Lent, rank: Feria }) to Feast { rank: 3, flags: FeastFlags(0x0) } (LiturgicalUnit { desc: Ss. Perpetua and Felicity, Martyrs, rank: Memorial }) |     -> Occurrence result: FirstWinsSecondCommemoration"
expression: split_line.0
---
2026-03-07|Sabbato week II of Lent|Feria|Sabbato week II of Lent|Ss. Perpetua and Felicity, Martyrs
