---
source: calendar_calc/tests/test_1954.rs
description: "Resolving between Feast { rank: Simple, flags: FeastFlags(0x0) } (LiturgicalUnit { desc: Ss. Faustinus and Jovita, Martyrs, rank: Simple }) and Sunday { rank: Lesser } (LiturgicalUnit { desc: Divino Afflatu Anticipated Sunday (VI after Epiphany), rank: Lesser Sunday }) |     -> Occurrence result: SecondCommemorationOfFirst | Comparing final winner Sunday { rank: Lesser } (LiturgicalUnit { desc: Divino Afflatu Anticipated Sunday (VI after Epiphany), rank: Lesser Sunday }) to Feast { rank: Simple, flags: FeastFlags(0x0) } (LiturgicalUnit { desc: Ss. Faustinus and Jovita, Martyrs, rank: Simple }) |     -> Occurrence result: FirstCommemorationOfSecond"
expression: split_line.0
---
2025-02-15|Sabbato week V after Epiphany|Lesser Sunday|Divino Afflatu Anticipated Sunday (VI after Epiphany)|Ss. Faustinus and Jovita, Martyrs
