---
source: calendar_calc/tests/test_1962.rs
description: "Resolving between Feast { rank: 2, flags: FeastFlags(0x0) } (LiturgicalUnit { desc: Blessed Virgin Mary of the Rosary, rank: II }) and Feria { rank: 4, flags: FeriaFlags(0x0) } (LiturgicalUnit { desc: Feria III week XVII after the octave of Pentecost (Week 1 of October), rank: III }) |     -> Occurrence result: FirstNothingOfSecond | Comparing final winner Feast { rank: 2, flags: FeastFlags(0x0) } (LiturgicalUnit { desc: Blessed Virgin Mary of the Rosary, rank: II }) to Feria { rank: 4, flags: FeriaFlags(0x0) } (LiturgicalUnit { desc: Feria III week XVII after the octave of Pentecost (Week 1 of October), rank: III }) |     -> Occurrence result: FirstNothingOfSecond"
expression: split_line.0
---
2025-10-07|Feria III week XVII after the octave of Pentecost (Week 1 of October)|II|Blessed Virgin Mary of the Rosary|St. Mark, Pope and Confessor
