---
source: calendar_calc/tests/test_of.rs
description: "Resolving between Feast { rank: 3, flags: FeastFlags(0x0) } (Some(LiturgicalUnit { desc: Ss. Basil the Great and Gregory Nazianzen, Bishops and Doctors of the Church, rank: Memorial })) and Feria { rank: 3, flags: FerialFlags(0x0) } (LiturgicalUnit { desc: Feria V in Christmas, rank: Feria }) |     -> Occurrence result: FirstWins | Comparing final winner Feast { rank: 3, flags: FeastFlags(0x0) } (LiturgicalUnit { desc: Ss. Basil the Great and Gregory Nazianzen, Bishops and Doctors of the Church, rank: Memorial }) to Feria { rank: 3, flags: FerialFlags(0x0) } (LiturgicalUnit { desc: Feria V in Christmas, rank: Feria }) |     -> Occurrence result: FirstWins"
expression: split_line.0
---
2025-01-02|Feria V in Christmas|Memorial|Ss. Basil the Great and Gregory Nazianzen, Bishops and Doctors of the Church|
