---
source: tests/test_1954.rs
description: "Resolving between Feast { rank: Double, flags: FeastFlags(0x0) } (LiturgicalUnit { desc: \"Ss. Cyril and Methodius, Bishops and Confessors\", rank: \"Double\" }) and Feria { rank: 3, flags: FeriaFlags(0x0) } (LiturgicalUnit { desc: \"Feria II week IV after the octave of Pentecost\", rank: \"Ordinary Feria\" }) |     -> Occurrence result: FirstNothingOfSecond"
expression: split_line.0
---
2025-07-07|Feria II week IV after the octave of Pentecost|Double|Ss. Cyril and Methodius, Bishops and Confessors|
