---
source: calendar_calc/tests/test_1954.rs
expression: line
---
2027-04-14|Feria IV week II after the Octave of Easter|First Class Double|Solemnity of St. Joseph, Spouse of the Vlessed Virgin Mary and Confessor and Patron of the Universal Church|St. Justin, Martyr, Saints Tiburtius, Valerian and Maximus, Martyrs|
