---
source: calendar_calc/tests/test_of.rs
description: "Resolving between Feast { rank: 1, flags: FeastFlags(0x0) } (Some(LiturgicalUnit { desc: All Saints, rank: Solemnity })) and Feria { rank: 4, flags: FerialFlags(0x0) } (LiturgicalUnit { desc: Sabbato week XXX of Ordinary Time, rank: Feria }) |     -> Occurrence result: FirstWins | Comparing final winner Feast { rank: 1, flags: FeastFlags(0x0) } (LiturgicalUnit { desc: All Saints, rank: Solemnity }) to Feria { rank: 4, flags: FerialFlags(0x0) } (LiturgicalUnit { desc: Sabbato week XXX of Ordinary Time, rank: Feria }) |     -> Occurrence result: FirstWins"
expression: split_line.0
---
2025-11-01|Sabbato week XXX of Ordinary Time|Solemnity|All Saints|
