---
source: calendar_calc/tests/test_monastic.rs
expression: line
---
2026-10-03|Sabbato week XVIII after the octave of Pentecost (Week 4 of September)|III|BVM on Saturday|St. Thérèse of the Child Jesus, Virgin and Doctor of the Church|Vespers of Following: Dominica XIX after Pentecost (Week 1 of October)
