---
source: calendar_calc/tests/test_1954.rs
description: "Resolving between Feast { rank: Double, flags: FeastFlags(0x0) } (LiturgicalUnit { desc: St. John of Matha, Confessor, rank: Double }) and Sunday { rank: Second } (LiturgicalUnit { desc: Sexagesima Sunday, rank: Greater Sunday of the Second Class }) |     -> Occurrence result: SecondCommemorationOfFirst | Comparing final winner Sunday { rank: Second } (LiturgicalUnit { desc: Sexagesima Sunday, rank: Greater Sunday of the Second Class }) to Feast { rank: Double, flags: FeastFlags(0x0) } (LiturgicalUnit { desc: St. John of Matha, Confessor, rank: Double }) |     -> Occurrence result: FirstCommemorationOfSecond"
expression: split_line.0
---
2026-02-08|Dominica Sexagesima|Greater Sunday of the Second Class|Sexagesima Sunday|St. John of Matha, Confessor
