---
source: calendar_calc/tests/test_1954.rs
description: "Resolving between Feast { rank: Double, flags: FeastFlags(0x0) } (LiturgicalUnit { desc: St. Justin, Martyr, rank: Double }) and Feria { rank: GreaterPrivilaged, flags: FeriaFlags(0x0) } (LiturgicalUnit { desc: Feria II of Holy Week, rank: Greater Privileged Feria }) |     -> Occurrence result: SecondCommemorationOfFirst | Comparing final winner Feria { rank: GreaterPrivilaged, flags: FeriaFlags(0x0) } (LiturgicalUnit { desc: Feria II of Holy Week, rank: Greater Privileged Feria }) to Feast { rank: Double, flags: FeastFlags(0x0) } (LiturgicalUnit { desc: St. Justin, Martyr, rank: Double }) |     -> Occurrence result: FirstCommemorationOfSecond"
expression: split_line.0
---
2025-04-14|Feria II of Holy Week|Greater Privileged Feria|Feria II of Holy Week|St. Justin, Martyr, Saints Tiburtius, Valerian and Maximus, Martyrs
