---
source: calendar_calc/tests/test_1954.rs
description: "Resolving between Feast { rank: Double, flags: FeastFlags(0x0) } (LiturgicalUnit { desc: St. Gregory Nazianzen Bishop, Confessor, and, Doctor of the Church, rank: Double }) and Feria { rank: Lesser, flags: FeriaFlags(0x0) } (LiturgicalUnit { desc: Sabbato week IV after the Octave of Easter, rank: Ordinary Feria }) |     -> Occurrence result: FirstNothingOfSecond | Comparing final winner Feast { rank: Double, flags: FeastFlags(0x0) } (LiturgicalUnit { desc: St. Gregory Nazianzen Bishop, Confessor, and, Doctor of the Church, rank: Double }) to Feria { rank: Lesser, flags: FeriaFlags(0x0) } (LiturgicalUnit { desc: Sabbato week IV after the Octave of Easter, rank: Ordinary Feria }) |     -> Occurrence result: FirstNothingOfSecond"
expression: split_line.0
---
2026-05-09|Sabbato week IV after the Octave of Easter|Double|St. Gregory Nazianzen Bishop, Confessor, and, Doctor of the Church|
