---
source: tests/test_1954.rs
description: "Resolving between Feast { rank: FirstClassDouble, flags: FeastFlags(0x0) } (LiturgicalUnit { desc: \"Dedication of St. Michael, archangel\", rank: \"First Class Double\" }) and Feria { rank: 3, flags: FeriaFlags(0x0) } (LiturgicalUnit { desc: \"Feria II week XVI after the octave of Pentecost (Week 1 of October)\", rank: \"Ordinary Feria\" }) |     -> Occurrence result: FirstNothingOfSecond"
expression: split_line.0
---
2025-09-29|Feria II week XVI after the octave of Pentecost (Week 1 of October)|First Class Double|Dedication of St. Michael, archangel|
