---
source: calendar_calc/tests/test_1962.rs
description: "Resolving between Feast { rank: 2, flags: FeastFlags(0x0) } (LiturgicalUnit { desc: Vigil of Ss. Peter and Paul, rank: II }) and Feria { rank: 4, flags: FeriaFlags(0x0) } (LiturgicalUnit { desc: Sabbato week II after the octave of Pentecost, rank: III }) |     -> Occurrence result: FirstNothingOfSecond | Comparing final winner Feast { rank: 2, flags: FeastFlags(0x0) } (LiturgicalUnit { desc: Vigil of Ss. Peter and Paul, rank: II }) to Feria { rank: 4, flags: FeriaFlags(0x0) } (LiturgicalUnit { desc: Sabbato week II after the octave of Pentecost, rank: III }) |     -> Occurrence result: FirstNothingOfSecond"
expression: split_line.0
---
2025-06-28|Sabbato week II after the octave of Pentecost|II|Vigil of Ss. Peter and Paul|
