---
source: tests/test_1954.rs
description: "Resolving between Feast { rank: Simple, flags: FeastFlags(0x0) } (LiturgicalUnit { desc: \"Ss. Abdon and Sennen, Martyrs\", rank: \"Simple\" }) and Feria { rank: 3, flags: FeriaFlags(0x0) } (LiturgicalUnit { desc: \"Feria IV week VII after the octave of Pentecost\", rank: \"Ordinary Feria\" }) |     -> Occurrence result: FirstNothingOfSecond"
expression: split_line.0
---
2025-07-30|Feria IV week VII after the octave of Pentecost|Simple|Ss. Abdon and Sennen, Martyrs|
