---
source: calendar_calc/tests/test_1962.rs
description: "Resolving between Feast { rank: 3, flags: FeastFlags(0x0) } (LiturgicalUnit { desc: St. Eusebius, Bishop and Martyr, rank: III }) and Feria { rank: 3, flags: FeriaFlags(0x0) } (LiturgicalUnit { desc: Feria III week III of Advent, rank: III }) |     -> Occurrence result: FirstCommemorationOfSecondAtLaudsAndVespers | Comparing final winner Feast { rank: 3, flags: FeastFlags(0x0) } (LiturgicalUnit { desc: St. Eusebius, Bishop and Martyr, rank: III }) to Feria { rank: 3, flags: FeriaFlags(0x0) } (LiturgicalUnit { desc: Feria III week III of Advent, rank: III }) |     -> Occurrence result: FirstCommemorationOfSecondAtLaudsAndVespers"
expression: split_line.0
---
2025-12-16|Feria III week III of Advent|III|St. Eusebius, Bishop and Martyr|Feria III week III of Advent
