---
source: calendar_calc/tests/test_1962.rs
description: "Resolving between Feast { rank: 3, flags: FeastFlags(0x0) } (LiturgicalUnit { desc: The Holy Guardian Angels, rank: III }) and Feria { rank: 4, flags: FeriaFlags(0x0) } (LiturgicalUnit { desc: Feria V week XVI after the octave of Pentecost (Week 4 of September), rank: III }) |     -> Occurrence result: FirstNothingOfSecond | Comparing final winner Feast { rank: 3, flags: FeastFlags(0x0) } (LiturgicalUnit { desc: The Holy Guardian Angels, rank: III }) to Feria { rank: 4, flags: FeriaFlags(0x0) } (LiturgicalUnit { desc: Feria V week XVI after the octave of Pentecost (Week 4 of September), rank: III }) |     -> Occurrence result: FirstNothingOfSecond"
expression: split_line.0
---
2025-10-02|Feria V week XVI after the octave of Pentecost (Week 4 of September)|III|The Holy Guardian Angels|
