---
source: calendar_calc/tests/test_1954.rs
description: "Resolving between Vigil { kind: Common } (LiturgicalUnit { desc: Vigil of All Saints, rank: Vigil }) and Feria { rank: Lesser, flags: FeriaFlags(0x0) } (LiturgicalUnit { desc: Feria VI week XX after the octave of Pentecost (Week 5 of October), rank: Ordinary Feria }) |     -> Occurrence result: FirstNothingOfSecond | Comparing final winner Vigil { kind: Common } (LiturgicalUnit { desc: Vigil of All Saints, rank: Vigil }) to Feria { rank: Lesser, flags: FeriaFlags(0x0) } (LiturgicalUnit { desc: Feria VI week XX after the octave of Pentecost (Week 5 of October), rank: Ordinary Feria }) |     -> Occurrence result: FirstNothingOfSecond"
expression: split_line.0
---
2025-10-31|Feria VI week XX after the octave of Pentecost (Week 5 of October)|Vigil|Vigil of All Saints|
