---
source: calendar_calc/tests/test_1954.rs
description: "Resolving between Vigil { kind: ChristmasOrPentecost } (LiturgicalUnit { desc: Vigil of Christmas, rank: Vigil (Christmas/Pentecost) }) and Feria { rank: GreaterNonPrivilaged, flags: FeriaFlags(0x0) } (LiturgicalUnit { desc: Feria IV week IV of Advent, rank: Greater Non-Privileged Feria }) |     -> Occurrence result: FirstNothingOfSecond | Comparing final winner Vigil { kind: ChristmasOrPentecost } (LiturgicalUnit { desc: Vigil of Christmas, rank: Vigil (Christmas/Pentecost) }) to Feria { rank: GreaterNonPrivilaged, flags: FeriaFlags(0x0) } (LiturgicalUnit { desc: Feria IV week IV of Advent, rank: Greater Non-Privileged Feria }) |     -> Occurrence result: FirstNothingOfSecond"
expression: split_line.0
---
2025-12-24|Feria IV week IV of Advent|Vigil (Christmas/Pentecost)|Vigil of Christmas|
