---
source: calendar_calc/tests/test_1962.rs
description: "Resolving between Feast { rank: 3, flags: FeastFlags(0x0) } (LiturgicalUnit { desc: St. Isidore, Bishop and Confessor and Doctor of the Church, rank: III }) and Feria { rank: 3, flags: FeriaFlags(OF_LENT) } (LiturgicalUnit { desc: Feria VI week IV of Lent, rank: III }) |     -> Occurrence result: SecondCommemorationOfFirstAtLauds | Comparing final winner Feria { rank: 3, flags: FeriaFlags(OF_LENT) } (LiturgicalUnit { desc: Feria VI week IV of Lent, rank: III }) to Feast { rank: 3, flags: FeastFlags(0x0) } (LiturgicalUnit { desc: St. Isidore, Bishop and Confessor and Doctor of the Church, rank: III }) |     -> Occurrence result: FirstCommemorationOfSecondAtLauds"
expression: split_line.0
---
2025-04-04|Feria VI week IV of Lent|III|Feria VI week IV of Lent|St. Isidore, Bishop and Confessor and Doctor of the Church
