---
source: calendar_calc/tests/test_1954.rs
description: "Resolving between Feast { rank: Simple, flags: FeastFlags(0x0) } (LiturgicalUnit { desc: St. Pantaleon, Martyr, rank: Simple }) and Sunday { rank: Lesser } (LiturgicalUnit { desc: Dominica VII after Pentecost, rank: Lesser Sunday }) |     -> Occurrence result: SecondCommemorationOfFirst | Comparing final winner Sunday { rank: Lesser } (LiturgicalUnit { desc: Dominica VII after Pentecost, rank: Lesser Sunday }) to Feast { rank: Simple, flags: FeastFlags(0x0) } (LiturgicalUnit { desc: St. Pantaleon, Martyr, rank: Simple }) |     -> Occurrence result: FirstCommemorationOfSecond"
expression: split_line.0
---
2025-07-27|Dominica VII after Pentecost|Lesser Sunday|Dominica VII after Pentecost|St. Pantaleon, Martyr
