---
source: calendar_calc/tests/test_of.rs
description: "Resolving between Feast { rank: 2, flags: FeastFlags(OF_THE_LORD) } (Some(LiturgicalUnit { desc: The Presentation of the Lord, rank: Feast })) and Sunday { rank: 2, flags: SundayFlags(0x0) } (LiturgicalUnit { desc: Dominica IV of Ordinary Time, rank: Sunday }) |     -> Occurrence result: FirstWins | Comparing final winner Feast { rank: 2, flags: FeastFlags(OF_THE_LORD) } (LiturgicalUnit { desc: The Presentation of the Lord, rank: Feast }) to Sunday { rank: 2, flags: SundayFlags(0x0) } (LiturgicalUnit { desc: Dominica IV of Ordinary Time, rank: Sunday }) |     -> Occurrence result: FirstWins"
expression: split_line.0
---
2025-02-02|Dominica IV of Ordinary Time|Feast|The Presentation of the Lord|
