---
source: tests/test_1954.rs
description: "Resolving between Feast { rank: Simple, flags: FeastFlags(0x0) } (LiturgicalUnit { desc: \"St. Evaristus, Pope and Martyr\", rank: \"Simple\" }) and Feast { rank: FirstClassDouble, flags: FeastFlags(OF_OUR_LORD | MOVABLE) } (LiturgicalUnit { desc: \"Our Lord Jesus Christ the King\", rank: \"First Class Double\" }) |     -> Occurrence result: SecondCommemorationOfFirst | Resolving between Feast { rank: FirstClassDouble, flags: FeastFlags(OF_OUR_LORD | MOVABLE) } (LiturgicalUnit { desc: \"Our Lord Jesus Christ the King\", rank: \"First Class Double\" }) and Sunday { rank: 3 } (LiturgicalUnit { desc: \"Dominica XX after Pentecost (Week 5 of October)\", rank: \"Lesser Sunday\" }) |     -> Occurrence result: FirstCommemorationOfSecond"
expression: split_line.0
---
2025-10-26|Dominica XX after Pentecost (Week 5 of October)|First Class Double|Our Lord Jesus Christ the King|Dominica XX after Pentecost (Week 5 of October)
