---
source: calendar_calc/tests/test_1954.rs
description: "Resolving between Feast { rank: MajorDouble, flags: FeastFlags(0x0) } (LiturgicalUnit { desc: Dedication of the Basilicas of Ss. Peter and Paul, rank: Major Double }) and Feria { rank: Lesser, flags: FeriaFlags(0x0) } (LiturgicalUnit { desc: Feria III week XXIII after the octave of Pentecost (Week 3 of November), rank: Ordinary Feria }) |     -> Occurrence result: FirstNothingOfSecond | Comparing final winner Feast { rank: MajorDouble, flags: FeastFlags(0x0) } (LiturgicalUnit { desc: Dedication of the Basilicas of Ss. Peter and Paul, rank: Major Double }) to Feria { rank: Lesser, flags: FeriaFlags(0x0) } (LiturgicalUnit { desc: Feria III week XXIII after the octave of Pentecost (Week 3 of November), rank: Ordinary Feria }) |     -> Occurrence result: FirstNothingOfSecond"
expression: split_line.0
---
2025-11-18|Feria III week XXIII after the octave of Pentecost (Week 3 of November)|Major Double|Dedication of the Basilicas of Ss. Peter and Paul|
