---
source: calendar_calc/tests/test_1962.rs
description: "Resolving between Feast { rank: 2, flags: FeastFlags(0x0) } (LiturgicalUnit { desc: The Visitation of the Blessed Virgin Mary, rank: II }) and Feria { rank: 4, flags: FeriaFlags(0x0) } (LiturgicalUnit { desc: Feria V week V after the octave of Pentecost, rank: III }) |     -> Occurrence result: FirstNothingOfSecond | Comparing final winner Feast { rank: 2, flags: FeastFlags(0x0) } (LiturgicalUnit { desc: The Visitation of the Blessed Virgin Mary, rank: II }) to Feria { rank: 4, flags: FeriaFlags(0x0) } (LiturgicalUnit { desc: Feria V week V after the octave of Pentecost, rank: III }) |     -> Occurrence result: FirstNothingOfSecond"
expression: split_line.0
---
2026-07-02|Feria V week V after the octave of Pentecost|II|The Visitation of the Blessed Virgin Mary|Ss. Processus and Martinian, Martyrs
