---
source: calendar_calc/tests/test_of.rs
description: "Resolving between Feast { rank: 2, flags: FeastFlags(0x0) } (Some(LiturgicalUnit { desc: Ss. Philip and James, Apostles, rank: Feast })) and Feria { rank: 3, flags: FerialFlags(0x0) } (LiturgicalUnit { desc: Sabbato week II of Eastertide, rank: Feria }) |     -> Occurrence result: FirstWins | Comparing final winner Feast { rank: 2, flags: FeastFlags(0x0) } (LiturgicalUnit { desc: Ss. Philip and James, Apostles, rank: Feast }) to Feria { rank: 3, flags: FerialFlags(0x0) } (LiturgicalUnit { desc: Sabbato week II of Eastertide, rank: Feria }) |     -> Occurrence result: FirstWins"
expression: split_line.0
---
2025-05-03|Sabbato week II of Eastertide|Feast|Ss. Philip and James, Apostles|
