---
source: calendar_calc/tests/test_1962.rs
description: "Resolving between Sunday { rank: 2 } (LiturgicalUnit { desc: Dominica VIII after Pentecost, rank: II }) and Feast { rank: 3, flags: FeastFlags(0x0) } (LiturgicalUnit { desc: St. Vincent de Paul, Confessor, rank: III }) |     -> Occurrence result: FirstNothingOfSecond | Comparing final winner Sunday { rank: 2 } (LiturgicalUnit { desc: Dominica VIII after Pentecost, rank: II }) to Feast { rank: 3, flags: FeastFlags(0x0) } (LiturgicalUnit { desc: St. Vincent de Paul, Confessor, rank: III }) |     -> Occurrence result: FirstNothingOfSecond"
expression: split_line.0
---
2026-07-19|Dominica VIII after Pentecost|II|Dominica VIII after Pentecost|
