---
source: calendar_calc/tests/test_1954.rs
description: "Resolving between Feast { rank: Double, flags: FeastFlags(0x0) } (LiturgicalUnit { desc: St. Raymond Nonnatus, Confessor, rank: Double }) and Sunday { rank: Lesser } (LiturgicalUnit { desc: Dominica XII after Pentecost (Week 1 of September), rank: Lesser Sunday }) |     -> Occurrence result: SecondCommemorationOfFirst | Comparing final winner Sunday { rank: Lesser } (LiturgicalUnit { desc: Dominica XII after Pentecost (Week 1 of September), rank: Lesser Sunday }) to Feast { rank: Double, flags: FeastFlags(0x0) } (LiturgicalUnit { desc: St. Raymond Nonnatus, Confessor, rank: Double }) |     -> Occurrence result: FirstCommemorationOfSecond"
expression: split_line.0
---
2025-08-31|Dominica XII after Pentecost (Week 1 of September)|Lesser Sunday|Dominica XII after Pentecost (Week 1 of September)|St. Raymond Nonnatus, Confessor
