---
source: calendar_calc/tests/test_1962.rs
description: "Resolving between Feast { rank: 2, flags: FeastFlags(0x0) } (LiturgicalUnit { desc: The Dedication of the Archbasilica of the most Holy Saviour, rank: II }) and Sunday { rank: 2 } (LiturgicalUnit { desc: Dominica XXII after Pentecost (Week 2 of November), rank: II }) |     -> Occurrence result: SecondCommemorationOfFirstAtLauds | Comparing final winner Sunday { rank: 2 } (LiturgicalUnit { desc: Dominica XXII after Pentecost (Week 2 of November), rank: II }) to Feast { rank: 2, flags: FeastFlags(0x0) } (LiturgicalUnit { desc: The Dedication of the Archbasilica of the most Holy Saviour, rank: II }) |     -> Occurrence result: FirstCommemorationOfSecondAtLauds"
expression: split_line.0
---
2025-11-09|Dominica XXII after Pentecost (Week 2 of November)|II|Dominica XXII after Pentecost (Week 2 of November)|The Dedication of the Archbasilica of the most Holy Saviour
