---
source: tests/test_1954.rs
description: "Resolving between Feast { rank: Double, flags: FeastFlags(MOVABLE) } (LiturgicalUnit { desc: \"Commemoration of all the Faithful Departed\", rank: \"Double\" }) and Feria { rank: 3, flags: FeriaFlags(0x0) } (LiturgicalUnit { desc: \"Feria II week XXI after the octave of Pentecost (Week 1 of November)\", rank: \"Ordinary Feria\" }) |     -> Occurrence result: FirstNothingOfSecond | Resolving between Feast { rank: Double, flags: FeastFlags(MOVABLE) } (LiturgicalUnit { desc: \"Commemoration of all the Faithful Departed\", rank: \"Double\" }) and Octave { rank: Common, flags: OctaveFlags(FIRST_3_DAYS) } (LiturgicalUnit { desc: \"Day 3 in the Octave of All Saints\", rank: \"Day within a Common Octave\" }) |     -> Occurrence result: FirstCommemorationOfSecond"
expression: split_line.0
---
2025-11-03|Feria II week XXI after the octave of Pentecost (Week 1 of November)|Double|Commemoration of all the Faithful Departed|Day 3 in the Octave of All Saints
