---
source: calendar_calc/tests/test_1962.rs
description: "Resolving between Feast { rank: 1, flags: FeastFlags(0x0) } (LiturgicalUnit { desc: St. Joseph, Spouse of the Blessed Virgin Mary and Confessor and Patron of the Universal Church, rank: I }) and Feria { rank: 3, flags: FeriaFlags(OF_LENT) } (LiturgicalUnit { desc: Feria V week IV of Lent, rank: III }) |     -> Occurrence result: FirstCommemorationOfSecondAtLaudsAndVespers | Comparing final winner Feast { rank: 1, flags: FeastFlags(0x0) } (LiturgicalUnit { desc: St. Joseph, Spouse of the Blessed Virgin Mary and Confessor and Patron of the Universal Church, rank: I }) to Feria { rank: 3, flags: FeriaFlags(OF_LENT) } (LiturgicalUnit { desc: Feria V week IV of Lent, rank: III }) |     -> Occurrence result: FirstCommemorationOfSecondAtLaudsAndVespers"
expression: split_line.0
---
2026-03-19|Feria V week IV of Lent|I|St. Joseph, Spouse of the Blessed Virgin Mary and Confessor and Patron of the Universal Church|Feria V week IV of Lent
