---
source: tests/test_1954.rs
description: "Resolving between Vigil { major: false } (LiturgicalUnit { desc: \"Vigil of St. James\", rank: \"Minor Vigil\" }) and Feria { rank: 3, flags: FeriaFlags(0x0) } (LiturgicalUnit { desc: \"Feria V week VI after the octave of Pentecost\", rank: \"Ordinary Feria\" }) |     -> Occurrence result: FirstNothingOfSecond"
expression: split_line.0
---
2025-07-24|Feria V week VI after the octave of Pentecost|Minor Vigil|Vigil of St. James|St. Christine, Virgin and Martyr
