---
source: tests/test_1954.rs
description: "Resolving between Feast { rank: Double, flags: FeastFlags(0x0) } (LiturgicalUnit { desc: \"St. Callistus I, Pope and Martyr\", rank: \"Double\" }) and Feria { rank: 3, flags: FeriaFlags(0x0) } (LiturgicalUnit { desc: \"Feria III week XVIII after the octave of Pentecost (Week 3 of October)\", rank: \"Ordinary Feria\" }) |     -> Occurrence result: FirstNothingOfSecond"
expression: split_line.0
---
2025-10-14|Feria III week XVIII after the octave of Pentecost (Week 3 of October)|Double|St. Callistus I, Pope and Martyr|
