---
source: calendar_calc/tests/test_1954.rs
description: "Resolving between Feria { rank: Lesser, flags: FeriaFlags(0x0) } (LiturgicalUnit { desc: Feria IV week III after the octave of Pentecost, rank: Ordinary Feria }) and Octave { rank: Privileged3, flags: OctaveFlags(0x0) } (LiturgicalUnit { desc: Day 6 in the Octave of Sacred Heart of Jesus, rank: Day within a Privileged 3rd Class Octave }) |     -> Occurrence result: SecondNothingOfFirst | Comparing final winner Octave { rank: Privileged3, flags: OctaveFlags(0x0) } (LiturgicalUnit { desc: Day 6 in the Octave of Sacred Heart of Jesus, rank: Day within a Privileged 3rd Class Octave }) to Feria { rank: Lesser, flags: FeriaFlags(0x0) } (LiturgicalUnit { desc: Feria IV week III after the octave of Pentecost, rank: Ordinary Feria }) |     -> Occurrence result: FirstNothingOfSecond"
expression: split_line.0
---
2026-06-17|Feria IV week III after the octave of Pentecost|Day within a Privileged 3rd Class Octave|Day 6 in the Octave of Sacred Heart of Jesus|
