---
source: tests/test_1954.rs
description: "Resolving between Feast { rank: SecondClassDouble, flags: FeastFlags(0x0) } (LiturgicalUnit { desc: \"Immaculate Heart of the Blessed Virgin Mary\", rank: \"Second Class Double\" }) and Feria { rank: 3, flags: FeriaFlags(0x0) } (LiturgicalUnit { desc: \"Feria VI week X after the octave of Pentecost (Week 3 of August)\", rank: \"Ordinary Feria\" }) |     -> Occurrence result: FirstNothingOfSecond | Resolving between Feast { rank: SecondClassDouble, flags: FeastFlags(0x0) } (LiturgicalUnit { desc: \"Immaculate Heart of the Blessed Virgin Mary\", rank: \"Second Class Double\" }) and Octave { rank: Common, flags: OctaveFlags(OCTAVE_DAY) } (LiturgicalUnit { desc: \"Octave Day of Assumption of the Blessed Virgin Mary\", rank: \"Major Double\" }) |     -> Occurrence result: FirstCommemorationOfSecond"
expression: split_line.0
---
2025-08-22|Feria VI week X after the octave of Pentecost (Week 3 of August)|Second Class Double|Immaculate Heart of the Blessed Virgin Mary|Octave Day of Assumption of the Blessed Virgin Mary
