---
source: calendar_calc/tests/test_1954.rs
expression: line
---
2025-08-17|Dominica X after Pentecost (Week 3 of August)|Lesser Sunday|Dominica X after Pentecost (Week 3 of August)|St. Hyacinth, Confessor, Octave Day of St. Laurence, Sunday in the Octave of Assumption of the Blessed Virgin Mary |
