---
source: calendar_calc/tests/test_1962.rs
description: "Resolving between Feast { rank: 3, flags: FeastFlags(0x0) } (LiturgicalUnit { desc: St. William, Abbot, rank: III }) and Feria { rank: 4, flags: FeriaFlags(0x0) } (LiturgicalUnit { desc: Feria V week IV after the octave of Pentecost, rank: III }) |     -> Occurrence result: FirstNothingOfSecond | Comparing final winner Feast { rank: 3, flags: FeastFlags(0x0) } (LiturgicalUnit { desc: St. William, Abbot, rank: III }) to Feria { rank: 4, flags: FeriaFlags(0x0) } (LiturgicalUnit { desc: Feria V week IV after the octave of Pentecost, rank: III }) |     -> Occurrence result: FirstNothingOfSecond"
expression: split_line.0
---
2026-06-25|Feria V week IV after the octave of Pentecost|III|St. William, Abbot|
