---
source: calendar_calc/tests/test_1954.rs
expression: line
---
2027-08-22|Dominica XIV after Pentecost (Week 4 of August)|Second Class Double|Immaculate Heart of the Blessed Virgin Mary|Dominica XIV after Pentecost (Week 4 of August), Octave Day of Assumption of the Blessed Virgin Mary, Ss. Timothy, Hippolytus Bishop, and Symphorianus, Martyrs|
