---
source: tests/test_1954.rs
description: "Resolving between Feast { rank: SecondClassDouble, flags: FeastFlags(0x0) } (LiturgicalUnit { desc: \"Ss. Simon and Jude, Apostles\", rank: \"Second Class Double\" }) and Feria { rank: 3, flags: FeriaFlags(0x0) } (LiturgicalUnit { desc: \"Feria III week XX after the octave of Pentecost (Week 5 of October)\", rank: \"Ordinary Feria\" }) |     -> Occurrence result: FirstNothingOfSecond"
expression: split_line.0
---
2025-10-28|Feria III week XX after the octave of Pentecost (Week 5 of October)|Second Class Double|Ss. Simon and Jude, Apostles|
