---
source: calendar_calc/tests/test_of.rs
description: "Resolving between Feast { rank: 3, flags: FeastFlags(0x0) } (Some(LiturgicalUnit { desc: Ss. Charles Lwanga and Companions, Martyrs, rank: Memorial })) and Feria { rank: 4, flags: FerialFlags(0x0) } (LiturgicalUnit { desc: Feria IV week IX of Ordinary Time, rank: Feria }) |     -> Occurrence result: FirstWins | Comparing final winner Feast { rank: 3, flags: FeastFlags(0x0) } (LiturgicalUnit { desc: Ss. Charles Lwanga and Companions, Martyrs, rank: Memorial }) to Feria { rank: 4, flags: FerialFlags(0x0) } (LiturgicalUnit { desc: Feria IV week IX of Ordinary Time, rank: Feria }) |     -> Occurrence result: FirstWins"
expression: split_line.0
---
2026-06-03|Feria IV week IX of Ordinary Time|Memorial|Ss. Charles Lwanga and Companions, Martyrs|
