---
source: tests/test_1954.rs
description: "Resolving between Feast { rank: Double, flags: FeastFlags(0x0) } (LiturgicalUnit { desc: \"St. John Vianney, Confessor and Priest\", rank: \"Double\" }) and Vigil { major: false } (LiturgicalUnit { desc: \"Vigil of St. Laurence\", rank: \"Minor Vigil\" }) |     -> Occurrence result: FirstCommemorationOfSecond | Resolving between Feast { rank: Double, flags: FeastFlags(0x0) } (LiturgicalUnit { desc: \"St. John Vianney, Confessor and Priest\", rank: \"Double\" }) and Feria { rank: 3, flags: FeriaFlags(0x0) } (LiturgicalUnit { desc: \"Sabbato week VIII after the octave of Pentecost (Week 1 of August)\", rank: \"Ordinary Feria\" }) |     -> Occurrence result: FirstNothingOfSecond"
expression: split_line.0
---
2025-08-09|Sabbato week VIII after the octave of Pentecost (Week 1 of August)|Double|St. John Vianney, Confessor and Priest|Vigil of St. Laurence, St. Romanus, Martyr
