---
source: calendar_calc/tests/test_1962.rs
description: "Resolving between Feast { rank: 3, flags: FeastFlags(0x0) } (LiturgicalUnit { desc: Ss. Perpetua and Felicity, Martyrs, rank: III }) and Feria { rank: 3, flags: FeriaFlags(OF_LENT) } (LiturgicalUnit { desc: Feria V after start of Lent, rank: III }) |     -> Occurrence result: SecondCommemorationOfFirstAtLauds | Comparing final winner Feria { rank: 3, flags: FeriaFlags(OF_LENT) } (LiturgicalUnit { desc: Feria V after start of Lent, rank: III }) to Feast { rank: 3, flags: FeastFlags(0x0) } (LiturgicalUnit { desc: Ss. Perpetua and Felicity, Martyrs, rank: III }) |     -> Occurrence result: FirstCommemorationOfSecondAtLauds"
expression: split_line.0
---
2025-03-06|Feria V after start of Lent|III|Feria V after start of Lent|Ss. Perpetua and Felicity, Martyrs
