---
source: calendar_calc/tests/test_1954.rs
description: "Resolving between Sunday { rank: Lesser } (LiturgicalUnit { desc: Dominica IV after Pentecost, rank: Lesser Sunday }) and Octave { rank: Common, flags: OctaveFlags(OCTAVE_DAY) } (LiturgicalUnit { desc: Octave Day of Ss. Peter and Paul, rank: Major Double (Octave Day) }) |     -> Occurrence result: FirstCommemorationOfSecond | Comparing final winner Sunday { rank: Lesser } (LiturgicalUnit { desc: Dominica IV after Pentecost, rank: Lesser Sunday }) to Octave { rank: Common, flags: OctaveFlags(OCTAVE_DAY) } (LiturgicalUnit { desc: Octave Day of Ss. Peter and Paul, rank: Major Double (Octave Day) }) |     -> Occurrence result: FirstCommemorationOfSecond"
expression: split_line.0
---
2025-07-06|Dominica IV after Pentecost|Lesser Sunday|Dominica IV after Pentecost|Octave Day of Ss. Peter and Paul
