---
source: calendar_calc/tests/test_1962.rs
description: "Resolving between Sunday { rank: 2 } (LiturgicalUnit { desc: Dominica VII after Pentecost, rank: II }) and Feast { rank: 3, flags: FeastFlags(0x0) } (LiturgicalUnit { desc: St. John Gualbert, Abbot, rank: III }) |     -> Occurrence result: FirstNothingOfSecond | Comparing final winner Sunday { rank: 2 } (LiturgicalUnit { desc: Dominica VII after Pentecost, rank: II }) to Feast { rank: 3, flags: FeastFlags(0x0) } (LiturgicalUnit { desc: St. John Gualbert, Abbot, rank: III }) |     -> Occurrence result: FirstNothingOfSecond"
expression: split_line.0
---
2026-07-12|Dominica VII after Pentecost|II|Dominica VII after Pentecost|
