---
source: calendar_calc/tests/test_of.rs
description: "Resolving between Feast { rank: 3, flags: FeastFlags(0x0) } (Some(LiturgicalUnit { desc: St. Justin, Martyr, rank: Memorial })) and Sunday { rank: 2, flags: SundayFlags(0x0) } (LiturgicalUnit { desc: Dominica VII of Easter, rank: Sunday }) |     -> Occurrence result: SecondWins | Comparing final winner Sunday { rank: 2, flags: SundayFlags(0x0) } (LiturgicalUnit { desc: Dominica VII of Easter, rank: Sunday }) to Feast { rank: 3, flags: FeastFlags(0x0) } (LiturgicalUnit { desc: St. Justin, Martyr, rank: Memorial }) |     -> Occurrence result: FirstWins"
expression: split_line.0
---
2025-06-01|Dominica VII of Easter|Sunday|Dominica VII of Easter|
