---
source: calendar_calc/tests/test_1962.rs
description: "Resolving between Feria { rank: 1, flags: FeriaFlags(OF_LENT) } (LiturgicalUnit { desc: Feria II of Holy Week, rank: I }) and Feast { rank: 3, flags: FeastFlags(0x0) } (LiturgicalUnit { desc: St. Justin, Martyr, rank: III }) |     -> Occurrence result: FirstNothingOfSecond | Comparing final winner Feria { rank: 1, flags: FeriaFlags(OF_LENT) } (LiturgicalUnit { desc: Feria II of Holy Week, rank: I }) to Feast { rank: 3, flags: FeastFlags(0x0) } (LiturgicalUnit { desc: St. Justin, Martyr, rank: III }) |     -> Occurrence result: FirstNothingOfSecond"
expression: split_line.0
---
2025-04-14|Feria II of Holy Week|I|Feria II of Holy Week|
