---
source: calendar_calc/tests/test_1962.rs
description: "Resolving between Feast { rank: 3, flags: FeastFlags(0x0) } (LiturgicalUnit { desc: Ss. Perpetua and Felicity, Martyrs, rank: III }) and Feria { rank: 3, flags: FeriaFlags(OF_LENT) } (LiturgicalUnit { desc: Feria VI week II of Lent, rank: III }) |     -> Occurrence result: SecondCommemorationOfFirstAtLauds | Comparing final winner Feria { rank: 3, flags: FeriaFlags(OF_LENT) } (LiturgicalUnit { desc: Feria VI week II of Lent, rank: III }) to Feast { rank: 3, flags: FeastFlags(0x0) } (LiturgicalUnit { desc: Ss. Perpetua and Felicity, Martyrs, rank: III }) |     -> Occurrence result: FirstCommemorationOfSecondAtLauds"
expression: split_line.0
---
2026-03-06|Feria VI week II of Lent|III|Feria VI week II of Lent|Ss. Perpetua and Felicity, Martyrs
