---
source: tests/test_1954.rs
description: "Resolving between Feast { rank: Semidouble, flags: FeastFlags(0x0) } (LiturgicalUnit { desc: \"St. Henry II Emperor, Confessor\", rank: \"Semidouble\" }) and Feria { rank: 3, flags: FeriaFlags(0x0) } (LiturgicalUnit { desc: \"Feria III week V after the octave of Pentecost\", rank: \"Ordinary Feria\" }) |     -> Occurrence result: FirstNothingOfSecond"
expression: split_line.0
---
2025-07-15|Feria III week V after the octave of Pentecost|Semidouble|St. Henry II Emperor, Confessor|
