---
source: calendar_calc/tests/test_1962.rs
description: "Resolving between Sunday { rank: 1 } (LiturgicalUnit { desc: Low Sunday, rank: I }) and Octave { rank: 1 } (LiturgicalUnit { desc: Octave Day of Easter, rank: I }) |     -> Occurrence result: FirstNothingOfSecond | Comparing final winner Sunday { rank: 1 } (LiturgicalUnit { desc: Low Sunday, rank: I }) to Octave { rank: 1 } (LiturgicalUnit { desc: Octave Day of Easter, rank: I }) |     -> Occurrence result: FirstNothingOfSecond"
expression: split_line.0
---
2026-04-12|Dominica I after Easter Sunday|I|Low Sunday|
