---
source: calendar_calc/tests/test_1954.rs
description: "Resolving between Feast { rank: Semidouble, flags: FeastFlags(0x0) } (LiturgicalUnit { desc: St. Wenceslaus Duke, Martyr, rank: Semidouble }) and Feria { rank: Lesser, flags: FeriaFlags(0x0) } (LiturgicalUnit { desc: Feria II week XVIII after the octave of Pentecost (Week 5 of September), rank: Ordinary Feria }) |     -> Occurrence result: FirstNothingOfSecond | Comparing final winner Feast { rank: Semidouble, flags: FeastFlags(0x0) } (LiturgicalUnit { desc: St. Wenceslaus Duke, Martyr, rank: Semidouble }) to Feria { rank: Lesser, flags: FeriaFlags(0x0) } (LiturgicalUnit { desc: Feria II week XVIII after the octave of Pentecost (Week 5 of September), rank: Ordinary Feria }) |     -> Occurrence result: FirstNothingOfSecond"
expression: split_line.0
---
2026-09-28|Feria II week XVIII after the octave of Pentecost (Week 5 of September)|Semidouble|St. Wenceslaus Duke, Martyr|
