---
source: calendar_calc/tests/test_1962.rs
description: "Resolving between Sunday { rank: 2 } (LiturgicalUnit { desc: Dominica V after Easter Sunday, rank: II }) and Feast { rank: 3, flags: FeastFlags(0x0) } (LiturgicalUnit { desc: St. Gregory VII, Pope and Confessor, rank: III }) |     -> Occurrence result: FirstNothingOfSecond | Comparing final winner Sunday { rank: 2 } (LiturgicalUnit { desc: Dominica V after Easter Sunday, rank: II }) to Feast { rank: 3, flags: FeastFlags(0x0) } (LiturgicalUnit { desc: St. Gregory VII, Pope and Confessor, rank: III }) |     -> Occurrence result: FirstNothingOfSecond"
expression: split_line.0
---
2025-05-25|Dominica V after Easter Sunday|II|Dominica V after Easter Sunday|
