---
source: tests/test_1954.rs
description: "Resolving between Feast { rank: MajorDouble, flags: FeastFlags(0x0) } (LiturgicalUnit { desc: \"St. Francis of Assisi, Confessor\", rank: \"Major Double\" }) and Feria { rank: 3, flags: FeriaFlags(0x0) } (LiturgicalUnit { desc: \"Sabbato week XVI after the octave of Pentecost (Week 1 of October)\", rank: \"Ordinary Feria\" }) |     -> Occurrence result: FirstNothingOfSecond"
expression: split_line.0
---
2025-10-04|Sabbato week XVI after the octave of Pentecost (Week 1 of October)|Major Double|St. Francis of Assisi, Confessor|
