---
source: calendar_calc/tests/test_1962.rs
description: "Resolving between Feast { rank: 3, flags: FeastFlags(0x0) } (LiturgicalUnit { desc: St. Bibiana, Virgin and Martyr, rank: III }) and Feria { rank: 3, flags: FeriaFlags(0x0) } (LiturgicalUnit { desc: Feria II week I of Advent, rank: III }) |     -> Occurrence result: FirstCommemorationOfSecondAtLaudsAndVespers | Comparing final winner Feast { rank: 3, flags: FeastFlags(0x0) } (LiturgicalUnit { desc: St. Bibiana, Virgin and Martyr, rank: III }) to Feria { rank: 3, flags: FeriaFlags(0x0) } (LiturgicalUnit { desc: Feria II week I of Advent, rank: III }) |     -> Occurrence result: FirstCommemorationOfSecondAtLaudsAndVespers"
expression: split_line.0
---
2024-12-02|Feria II week I of Advent|III|St. Bibiana, Virgin and Martyr|Feria II week I of Advent
