---
source: calendar_calc/tests/test_1954.rs
description: "Resolving between Feast { rank: MajorDouble, flags: FeastFlags(0x0) } (LiturgicalUnit { desc: Apparition of St. Michael, rank: Major Double }) and Feria { rank: Lesser, flags: FeriaFlags(0x0) } (LiturgicalUnit { desc: Feria VI week IV after the Octave of Easter, rank: Ordinary Feria }) |     -> Occurrence result: FirstNothingOfSecond | Comparing final winner Feast { rank: MajorDouble, flags: FeastFlags(0x0) } (LiturgicalUnit { desc: Apparition of St. Michael, rank: Major Double }) to Feria { rank: Lesser, flags: FeriaFlags(0x0) } (LiturgicalUnit { desc: Feria VI week IV after the Octave of Easter, rank: Ordinary Feria }) |     -> Occurrence result: FirstNothingOfSecond"
expression: split_line.0
---
2026-05-08|Feria VI week IV after the Octave of Easter|Major Double|Apparition of St. Michael|
